** Drc report for vsmart-module-esp32-s3-mini.kicad_pcb **
** Created on 2026-08-28T23:09:04 **
** Report includes: Errors, Warnings **

** Found 23 DRC violations **
[track_dangling]: Track has unconnected end
    Local override; warning
    @(47.5944 mm, 30.9200 mm): Track [GPS_PPS] on F.Cu, length 1.3726 mm
[track_dangling]: Track has unconnected end
    Local override; warning
    @(47.5944 mm, 30.9200 mm): Track [GPS_PPS] on B.Cu, length 1.3726 mm
[lib_footprint_issues]: Footprint 'MountingHole_3.2mm' not found in library 'MountingHole'
    Local override; warning
    @(24.0000 mm, 24.0000 mm): Footprint MH1
[lib_footprint_issues]: Footprint 'MountingHole_3.2mm' not found in library 'MountingHole'
    Local override; warning
    @(24.0000 mm, 92.0000 mm): Footprint MH3
[lib_footprint_issues]: Footprint 'MountingHole_3.2mm' not found in library 'MountingHole'
    Local override; warning
    @(112.0000 mm, 92.0000 mm): Footprint MH4
[lib_footprint_issues]: Footprint 'MountingHole_3.2mm' not found in library 'MountingHole'
    Local override; warning
    @(112.0000 mm, 24.0000 mm): Footprint MH2
[text_height]: Text height out of range (board setup constraints silk text height min height 0.8000 mm; actual 0.7620 mm)
    Rule: board setup constraints silk text height; warning
    @(90.3500 mm, 63.0000 mm): Footprint text of U4 (ANT)
[text_height]: Text height out of range (board setup constraints silk text height min height 0.8000 mm; actual 0.7620 mm)
    Rule: board setup constraints silk text height; warning
    @(90.4500 mm, 65.5000 mm): Footprint text of U4 (VCC
)
[text_height]: Text height out of range (board setup constraints silk text height min height 0.8000 mm; actual 0.7620 mm)
    Rule: board setup constraints silk text height; warning
    @(90.4500 mm, 68.1000 mm): Footprint text of U4 (RST)
[text_height]: Text height out of range (board setup constraints silk text height min height 0.8000 mm; actual 0.7620 mm)
    Rule: board setup constraints silk text height; warning
    @(90.5000 mm, 70.5500 mm): Footprint text of U4 (RXD)
[text_height]: Text height out of range (board setup constraints silk text height min height 0.8000 mm; actual 0.7620 mm)
    Rule: board setup constraints silk text height; warning
    @(90.5000 mm, 73.0000 mm): Footprint text of U4 (TXD)
[text_height]: Text height out of range (board setup constraints silk text height min height 0.8000 mm; actual 0.7620 mm)
    Rule: board setup constraints silk text height; warning
    @(90.5500 mm, 75.7000 mm): Footprint text of U4 (GND)
[text_height]: Text height out of range (board setup constraints silk text height min height 0.8000 mm; actual 0.7620 mm)
    Rule: board setup constraints silk text height; warning
    @(107.8000 mm, 78.2000 mm): Footprint text of U4 (SPKN)
[text_height]: Text height out of range (board setup constraints silk text height min height 0.8000 mm; actual 0.7620 mm)
    Rule: board setup constraints silk text height; warning
    @(107.8500 mm, 73.1000 mm): Footprint text of U4 (MICN)
[text_height]: Text height out of range (board setup constraints silk text height min height 0.8000 mm; actual 0.7620 mm)
    Rule: board setup constraints silk text height; warning
    @(107.8500 mm, 75.6500 mm): Footprint text of U4 (SPKP)
[text_height]: Text height out of range (board setup constraints silk text height min height 0.8000 mm; actual 0.7620 mm)
    Rule: board setup constraints silk text height; warning
    @(107.9000 mm, 70.4500 mm): Footprint text of U4 (MICP)
[text_height]: Text height out of range (board setup constraints silk text height min height 0.8000 mm; actual 0.7620 mm)
    Rule: board setup constraints silk text height; warning
    @(108.0500 mm, 65.5500 mm): Footprint text of U4 (RI)
[text_height]: Text height out of range (board setup constraints silk text height min height 0.8000 mm; actual 0.7620 mm)
    Rule: board setup constraints silk text height; warning
    @(108.0500 mm, 67.9500 mm): Footprint text of U4 (DTR)
[silk_over_copper]: Silkscreen clipped by solder mask
    Local override; warning
    @(53.0000 mm, 23.0000 mm): Rectangle of U3 on F.Silkscreen
    @(106.0000 mm, 41.0800 mm): PTH pad 1 [+5V] of U3
[silk_over_copper]: Silkscreen clipped by solder mask
    Local override; warning
    @(53.0000 mm, 23.0000 mm): Rectangle of U3 on F.Silkscreen
    @(106.0000 mm, 38.5400 mm): PTH pad 2 [GND] of U3
[silk_over_copper]: Silkscreen clipped by solder mask
    Local override; warning
    @(53.0000 mm, 23.0000 mm): Rectangle of U3 on F.Silkscreen
    @(106.0000 mm, 36.0000 mm): PTH pad 3 [GPS_RX] of U3
[silk_over_copper]: Silkscreen clipped by solder mask
    Local override; warning
    @(53.0000 mm, 23.0000 mm): Rectangle of U3 on F.Silkscreen
    @(106.0000 mm, 33.4600 mm): PTH pad 4 [GPS_TX] of U3
[silk_over_copper]: Silkscreen clipped by solder mask
    Local override; warning
    @(53.0000 mm, 23.0000 mm): Rectangle of U3 on F.Silkscreen
    @(106.0000 mm, 30.9200 mm): PTH pad 5 [GPS_PPS] of U3

** Found 0 unconnected pads **

** Found 0 Footprint errors **

** Ignored checks **
    - Footprint has no courtyard defined
    - Track endpoint not centered on via
    - Tuning profile track geometries
    - Footprint doesn't match symbol's footprint filters
    - Footprint component type doesn't match footprint pads

** End of Report **
