** Drc report for vsmart-module-carrier.kicad_pcb **
** Created on 2026-08-24T15:09:52 **
** Report includes: Errors, Warnings **

** Found 61 DRC violations **
[lib_footprint_issues]: Footprint 'MountingHole_3.2mm' not found in library 'MountingHole'
    Local override; warning
    @(155.0000 mm, 25.0000 mm): Footprint MH2
[lib_footprint_issues]: Footprint 'MountingHole_3.2mm' not found in library 'MountingHole'
    Local override; warning
    @(155.0000 mm, 105.0000 mm): Footprint MH4
[lib_footprint_issues]: Footprint 'MountingHole_3.2mm' not found in library 'MountingHole'
    Local override; warning
    @(25.0000 mm, 25.0000 mm): Footprint MH1
[lib_footprint_issues]: Footprint 'MountingHole_3.2mm' not found in library 'MountingHole'
    Local override; warning
    @(58.0000 mm, 105.0000 mm): Footprint MH3
[text_height]: Text height out of range (board setup constraints silk text height min height 0.8000 mm; actual 0.7000 mm)
    Rule: board setup constraints silk text height; warning
    @(24.2700 mm, 60.0800 mm): Footprint text of U1 (VP/GPIO36)
[text_height]: Text height out of range (board setup constraints silk text height min height 0.8000 mm; actual 0.7000 mm)
    Rule: board setup constraints silk text height; warning
    @(24.2700 mm, 62.6200 mm): Footprint text of U1 (VN/GPIO39)
[text_height]: Text height out of range (board setup constraints silk text height min height 0.8000 mm; actual 0.7000 mm)
    Rule: board setup constraints silk text height; warning
    @(24.2700 mm, 65.1600 mm): Footprint text of U1 (GPIO34)
[text_height]: Text height out of range (board setup constraints silk text height min height 0.8000 mm; actual 0.7000 mm)
    Rule: board setup constraints silk text height; warning
    @(24.2700 mm, 67.7000 mm): Footprint text of U1 (GPIO35)
[text_height]: Text height out of range (board setup constraints silk text height min height 0.8000 mm; actual 0.7000 mm)
    Rule: board setup constraints silk text height; warning
    @(24.2700 mm, 70.2400 mm): Footprint text of U1 (GPIO32)
[text_height]: Text height out of range (board setup constraints silk text height min height 0.8000 mm; actual 0.7000 mm)
    Rule: board setup constraints silk text height; warning
    @(24.2700 mm, 72.7800 mm): Footprint text of U1 (GPIO33)
[text_height]: Text height out of range (board setup constraints silk text height min height 0.8000 mm; actual 0.7000 mm)
    Rule: board setup constraints silk text height; warning
    @(24.2700 mm, 75.3200 mm): Footprint text of U1 (GPIO25)
[text_height]: Text height out of range (board setup constraints silk text height min height 0.8000 mm; actual 0.7000 mm)
    Rule: board setup constraints silk text height; warning
    @(24.2700 mm, 77.8600 mm): Footprint text of U1 (GPIO26)
[text_height]: Text height out of range (board setup constraints silk text height min height 0.8000 mm; actual 0.7000 mm)
    Rule: board setup constraints silk text height; warning
    @(24.2700 mm, 80.4000 mm): Footprint text of U1 (GPIO27)
[text_height]: Text height out of range (board setup constraints silk text height min height 0.8000 mm; actual 0.7000 mm)
    Rule: board setup constraints silk text height; warning
    @(24.2700 mm, 82.9400 mm): Footprint text of U1 (GPIO14/MTMS)
[text_height]: Text height out of range (board setup constraints silk text height min height 0.8000 mm; actual 0.7000 mm)
    Rule: board setup constraints silk text height; warning
    @(24.2700 mm, 85.4800 mm): Footprint text of U1 (GPIO12/MTDI)
[text_height]: Text height out of range (board setup constraints silk text height min height 0.8000 mm; actual 0.7000 mm)
    Rule: board setup constraints silk text height; warning
    @(24.2700 mm, 90.5600 mm): Footprint text of U1 (GPIO13/MTCK)
[text_height]: Text height out of range (board setup constraints silk text height min height 0.8000 mm; actual 0.7000 mm)
    Rule: board setup constraints silk text height; warning
    @(24.2700 mm, 93.1000 mm): Footprint text of U1 (D2)
[text_height]: Text height out of range (board setup constraints silk text height min height 0.8000 mm; actual 0.7000 mm)
    Rule: board setup constraints silk text height; warning
    @(24.2700 mm, 95.6400 mm): Footprint text of U1 (D3)
[text_height]: Text height out of range (board setup constraints silk text height min height 0.8000 mm; actual 0.7000 mm)
    Rule: board setup constraints silk text height; warning
    @(24.2700 mm, 98.1800 mm): Footprint text of U1 (CMD)
[text_height]: Text height out of range (board setup constraints silk text height min height 0.8000 mm; actual 0.7000 mm)
    Rule: board setup constraints silk text height; warning
    @(47.1300 mm, 57.5400 mm): Footprint text of U1 (GPIO23)
[text_height]: Text height out of range (board setup constraints silk text height min height 0.8000 mm; actual 0.7000 mm)
    Rule: board setup constraints silk text height; warning
    @(47.1300 mm, 60.0800 mm): Footprint text of U1 (GPIO22)
[text_height]: Text height out of range (board setup constraints silk text height min height 0.8000 mm; actual 0.7000 mm)
    Rule: board setup constraints silk text height; warning
    @(47.1300 mm, 62.6200 mm): Footprint text of U1 (GPIO1/U0TXD)
[text_height]: Text height out of range (board setup constraints silk text height min height 0.8000 mm; actual 0.7000 mm)
    Rule: board setup constraints silk text height; warning
    @(47.1300 mm, 65.1600 mm): Footprint text of U1 (GPIO3/U0RXD)
[text_height]: Text height out of range (board setup constraints silk text height min height 0.8000 mm; actual 0.7000 mm)
    Rule: board setup constraints silk text height; warning
    @(47.1300 mm, 67.7000 mm): Footprint text of U1 (GPIO21)
[text_height]: Text height out of range (board setup constraints silk text height min height 0.8000 mm; actual 0.7000 mm)
    Rule: board setup constraints silk text height; warning
    @(47.1300 mm, 72.7800 mm): Footprint text of U1 (GPIO19)
[text_height]: Text height out of range (board setup constraints silk text height min height 0.8000 mm; actual 0.7000 mm)
    Rule: board setup constraints silk text height; warning
    @(47.1300 mm, 75.3200 mm): Footprint text of U1 (GPIO18)
[text_height]: Text height out of range (board setup constraints silk text height min height 0.8000 mm; actual 0.7000 mm)
    Rule: board setup constraints silk text height; warning
    @(47.1300 mm, 77.8600 mm): Footprint text of U1 (GPIO5)
[text_height]: Text height out of range (board setup constraints silk text height min height 0.8000 mm; actual 0.7000 mm)
    Rule: board setup constraints silk text height; warning
    @(47.1300 mm, 80.4000 mm): Footprint text of U1 (GPIO17)
[text_height]: Text height out of range (board setup constraints silk text height min height 0.8000 mm; actual 0.7000 mm)
    Rule: board setup constraints silk text height; warning
    @(47.1300 mm, 82.9400 mm): Footprint text of U1 (GPIO16)
[text_height]: Text height out of range (board setup constraints silk text height min height 0.8000 mm; actual 0.7000 mm)
    Rule: board setup constraints silk text height; warning
    @(47.1300 mm, 85.4800 mm): Footprint text of U1 (GPIO4)
[text_height]: Text height out of range (board setup constraints silk text height min height 0.8000 mm; actual 0.7000 mm)
    Rule: board setup constraints silk text height; warning
    @(47.1300 mm, 88.0200 mm): Footprint text of U1 (GPIO0)
[text_height]: Text height out of range (board setup constraints silk text height min height 0.8000 mm; actual 0.7000 mm)
    Rule: board setup constraints silk text height; warning
    @(47.1300 mm, 90.5600 mm): Footprint text of U1 (GPIO2)
[text_height]: Text height out of range (board setup constraints silk text height min height 0.8000 mm; actual 0.7000 mm)
    Rule: board setup constraints silk text height; warning
    @(47.1300 mm, 93.1000 mm): Footprint text of U1 (GPIO15/MTDO)
[text_height]: Text height out of range (board setup constraints silk text height min height 0.8000 mm; actual 0.7000 mm)
    Rule: board setup constraints silk text height; warning
    @(47.1300 mm, 95.6400 mm): Footprint text of U1 (D1)
[text_height]: Text height out of range (board setup constraints silk text height min height 0.8000 mm; actual 0.7000 mm)
    Rule: board setup constraints silk text height; warning
    @(47.1300 mm, 98.1800 mm): Footprint text of U1 (D0)
[text_height]: Text height out of range (board setup constraints silk text height min height 0.8000 mm; actual 0.7000 mm)
    Rule: board setup constraints silk text height; warning
    @(47.1300 mm, 100.7200 mm): Footprint text of U1 (CLK)
[text_height]: Text height out of range (board setup constraints silk text height min height 0.8000 mm; actual 0.7620 mm)
    Rule: board setup constraints silk text height; warning
    @(129.3500 mm, 81.0000 mm): Footprint text of U4 (ANT)
[text_height]: Text height out of range (board setup constraints silk text height min height 0.8000 mm; actual 0.7620 mm)
    Rule: board setup constraints silk text height; warning
    @(129.4500 mm, 83.5000 mm): Footprint text of U4 (VCC
)
[text_height]: Text height out of range (board setup constraints silk text height min height 0.8000 mm; actual 0.7620 mm)
    Rule: board setup constraints silk text height; warning
    @(129.4500 mm, 86.1000 mm): Footprint text of U4 (RST)
[text_height]: Text height out of range (board setup constraints silk text height min height 0.8000 mm; actual 0.7620 mm)
    Rule: board setup constraints silk text height; warning
    @(129.5000 mm, 88.5500 mm): Footprint text of U4 (RXD)
[text_height]: Text height out of range (board setup constraints silk text height min height 0.8000 mm; actual 0.7620 mm)
    Rule: board setup constraints silk text height; warning
    @(129.5000 mm, 91.0000 mm): Footprint text of U4 (TXD)
[text_height]: Text height out of range (board setup constraints silk text height min height 0.8000 mm; actual 0.7620 mm)
    Rule: board setup constraints silk text height; warning
    @(129.5500 mm, 93.7000 mm): Footprint text of U4 (GND)
[text_height]: Text height out of range (board setup constraints silk text height min height 0.8000 mm; actual 0.7620 mm)
    Rule: board setup constraints silk text height; warning
    @(146.8000 mm, 96.2000 mm): Footprint text of U4 (SPKN)
[text_height]: Text height out of range (board setup constraints silk text height min height 0.8000 mm; actual 0.7620 mm)
    Rule: board setup constraints silk text height; warning
    @(146.8500 mm, 91.1000 mm): Footprint text of U4 (MICN)
[text_height]: Text height out of range (board setup constraints silk text height min height 0.8000 mm; actual 0.7620 mm)
    Rule: board setup constraints silk text height; warning
    @(146.8500 mm, 93.6500 mm): Footprint text of U4 (SPKP)
[text_height]: Text height out of range (board setup constraints silk text height min height 0.8000 mm; actual 0.7620 mm)
    Rule: board setup constraints silk text height; warning
    @(146.9000 mm, 88.4500 mm): Footprint text of U4 (MICP)
[text_height]: Text height out of range (board setup constraints silk text height min height 0.8000 mm; actual 0.7620 mm)
    Rule: board setup constraints silk text height; warning
    @(147.0500 mm, 83.5500 mm): Footprint text of U4 (RI)
[text_height]: Text height out of range (board setup constraints silk text height min height 0.8000 mm; actual 0.7620 mm)
    Rule: board setup constraints silk text height; warning
    @(147.0500 mm, 85.9500 mm): Footprint text of U4 (DTR)
[silk_over_copper]: Silkscreen clipped by solder mask
    Local override; warning
    @(55.0000 mm, 49.8000 mm): Rectangle of U6 on F.Silkscreen
    @(56.0000 mm, 52.2000 mm): Pad 2 [GND] of U6 on F.Cu
[silk_over_copper]: Silkscreen clipped by solder mask
    Local override; warning
    @(55.0000 mm, 49.8000 mm): Rectangle of U6 on F.Silkscreen
    @(76.0000 mm, 52.2000 mm): Pad 3 [GND] of U6 on F.Cu
[silk_over_copper]: Silkscreen clipped by solder mask
    Local override; warning
    @(55.0000 mm, 49.8000 mm): Rectangle of U6 on F.Silkscreen
    @(76.0000 mm, 63.8000 mm): Pad 4 [+4V_SIM] of U6 on F.Cu
[silk_over_copper]: Silkscreen clipped by solder mask
    Local override; warning
    @(55.0000 mm, 49.8000 mm): Rectangle of U6 on F.Silkscreen
    @(56.0000 mm, 63.8000 mm): Pad 1 [VIN_12V] of U6 on F.Cu
[silk_over_copper]: Silkscreen clipped by solder mask
    Local override; warning
    @(55.0000 mm, 24.8000 mm): Rectangle of U5 on F.Silkscreen
    @(76.0000 mm, 27.2000 mm): Pad 3 [GND] of U5 on F.Cu
[silk_over_copper]: Silkscreen clipped by solder mask
    Local override; warning
    @(55.0000 mm, 24.8000 mm): Rectangle of U5 on F.Silkscreen
    @(76.0000 mm, 38.8000 mm): Pad 4 [+5V] of U5 on F.Cu
[silk_over_copper]: Silkscreen clipped by solder mask
    Local override; warning
    @(55.0000 mm, 24.8000 mm): Rectangle of U5 on F.Silkscreen
    @(56.0000 mm, 27.2000 mm): Pad 2 [GND] of U5 on F.Cu
[silk_over_copper]: Silkscreen clipped by solder mask
    Local override; warning
    @(55.0000 mm, 24.8000 mm): Rectangle of U5 on F.Silkscreen
    @(56.0000 mm, 38.8000 mm): Pad 1 [VIN_12V] of U5 on F.Cu
[silk_over_copper]: Silkscreen clipped by solder mask
    Local override; warning
    @(102.0000 mm, 33.0000 mm): Rectangle of U3 on F.Silkscreen
    @(155.0000 mm, 51.0800 mm): PTH pad 1 [+5V] of U3
[silk_over_copper]: Silkscreen clipped by solder mask
    Local override; warning
    @(102.0000 mm, 33.0000 mm): Rectangle of U3 on F.Silkscreen
    @(155.0000 mm, 48.5400 mm): PTH pad 2 [GND] of U3
[silk_over_copper]: Silkscreen clipped by solder mask
    Local override; warning
    @(102.0000 mm, 33.0000 mm): Rectangle of U3 on F.Silkscreen
    @(155.0000 mm, 46.0000 mm): PTH pad 3 [GPS_RX] of U3
[silk_over_copper]: Silkscreen clipped by solder mask
    Local override; warning
    @(102.0000 mm, 33.0000 mm): Rectangle of U3 on F.Silkscreen
    @(155.0000 mm, 43.4600 mm): PTH pad 4 [GPS_TX] of U3
[silk_over_copper]: Silkscreen clipped by solder mask
    Local override; warning
    @(102.0000 mm, 33.0000 mm): Rectangle of U3 on F.Silkscreen
    @(155.0000 mm, 40.9200 mm): PTH pad 5 [GPS_PPS] of U3

** Found 0 unconnected pads **

** Found 0 Footprint errors **

** Ignored checks **
    - Footprint has no courtyard defined
    - Track endpoint not centered on via
    - Tuning profile track geometries
    - Footprint doesn't match symbol's footprint filters
    - Footprint component type doesn't match footprint pads

** End of Report **
