** Drc report for vsmart-module-esp32-s3-mini.kicad_pcb **
** Created on 2026-08-29T00:13:33 **
** Report includes: Errors, Warnings **

** Found 33 DRC violations **
[text_height]: Text height out of range (board setup constraints silk text height min height 0.8000 mm; actual 0.7620 mm)
    Rule: board setup constraints silk text height; warning
    @(62.5500 mm, 63.0000 mm): Footprint text of U4 (ANT)
[text_height]: Text height out of range (board setup constraints silk text height min height 0.8000 mm; actual 0.7620 mm)
    Rule: board setup constraints silk text height; warning
    @(62.6500 mm, 65.5000 mm): Footprint text of U4 (VCC
)
[text_height]: Text height out of range (board setup constraints silk text height min height 0.8000 mm; actual 0.7620 mm)
    Rule: board setup constraints silk text height; warning
    @(62.6500 mm, 68.1000 mm): Footprint text of U4 (RST)
[text_height]: Text height out of range (board setup constraints silk text height min height 0.8000 mm; actual 0.7620 mm)
    Rule: board setup constraints silk text height; warning
    @(62.7000 mm, 70.5500 mm): Footprint text of U4 (RXD)
[text_height]: Text height out of range (board setup constraints silk text height min height 0.8000 mm; actual 0.7620 mm)
    Rule: board setup constraints silk text height; warning
    @(62.7000 mm, 73.0000 mm): Footprint text of U4 (TXD)
[text_height]: Text height out of range (board setup constraints silk text height min height 0.8000 mm; actual 0.7620 mm)
    Rule: board setup constraints silk text height; warning
    @(62.7500 mm, 75.7000 mm): Footprint text of U4 (GND)
[text_height]: Text height out of range (board setup constraints silk text height min height 0.8000 mm; actual 0.7620 mm)
    Rule: board setup constraints silk text height; warning
    @(80.0000 mm, 78.2000 mm): Footprint text of U4 (SPKN)
[text_height]: Text height out of range (board setup constraints silk text height min height 0.8000 mm; actual 0.7620 mm)
    Rule: board setup constraints silk text height; warning
    @(80.0500 mm, 73.1000 mm): Footprint text of U4 (MICN)
[text_height]: Text height out of range (board setup constraints silk text height min height 0.8000 mm; actual 0.7620 mm)
    Rule: board setup constraints silk text height; warning
    @(80.0500 mm, 75.6500 mm): Footprint text of U4 (SPKP)
[text_height]: Text height out of range (board setup constraints silk text height min height 0.8000 mm; actual 0.7620 mm)
    Rule: board setup constraints silk text height; warning
    @(80.1000 mm, 70.4500 mm): Footprint text of U4 (MICP)
[text_height]: Text height out of range (board setup constraints silk text height min height 0.8000 mm; actual 0.7620 mm)
    Rule: board setup constraints silk text height; warning
    @(80.2500 mm, 65.5500 mm): Footprint text of U4 (RI)
[text_height]: Text height out of range (board setup constraints silk text height min height 0.8000 mm; actual 0.7620 mm)
    Rule: board setup constraints silk text height; warning
    @(80.2500 mm, 67.9500 mm): Footprint text of U4 (DTR)
[silk_overlap]: Silkscreen clearance
    Rule: board setup constraints silk; warning
    @(55.0000 mm, 71.5200 mm): Reference field of C2
    @(53.5000 mm, 66.0000 mm): Circle of C1 on F.Silkscreen
[silk_overlap]: Silkscreen clearance
    Rule: board setup constraints silk; warning
    @(55.0000 mm, 71.5200 mm): Reference field of C2
    @(54.2200 mm, 60.9710 mm): Segment of C1 on F.Silkscreen
[silk_overlap]: Silkscreen clearance
    Rule: board setup constraints silk; warning
    @(55.0000 mm, 71.5200 mm): Reference field of C2
    @(54.2600 mm, 60.9770 mm): Segment of C1 on F.Silkscreen
[silk_overlap]: Silkscreen clearance
    Rule: board setup constraints silk; warning
    @(55.0000 mm, 71.5200 mm): Reference field of C2
    @(54.3000 mm, 60.9830 mm): Segment of C1 on F.Silkscreen
[silk_overlap]: Silkscreen clearance
    Rule: board setup constraints silk; warning
    @(55.0000 mm, 71.5200 mm): Reference field of C2
    @(54.3400 mm, 60.9890 mm): Segment of C1 on F.Silkscreen
[silk_overlap]: Silkscreen clearance
    Rule: board setup constraints silk; warning
    @(55.0000 mm, 71.5200 mm): Reference field of C2
    @(54.3800 mm, 60.9960 mm): Segment of C1 on F.Silkscreen
[silk_overlap]: Silkscreen clearance
    Rule: board setup constraints silk; warning
    @(55.0000 mm, 71.5200 mm): Reference field of C2
    @(54.5000 mm, 61.0190 mm): Segment of C1 on F.Silkscreen
[silk_overlap]: Silkscreen clearance
    Rule: board setup constraints silk; warning
    @(54.4200 mm, 61.0030 mm): Segment of C1 on F.Silkscreen
    @(55.0000 mm, 71.5200 mm): Reference field of C2
[silk_overlap]: Silkscreen clearance
    Rule: board setup constraints silk; warning
    @(55.0000 mm, 71.5200 mm): Reference field of C2
    @(54.4600 mm, 61.0110 mm): Segment of C1 on F.Silkscreen
[silk_overlap]: Silkscreen clearance
    Rule: board setup constraints silk; warning
    @(73.0000 mm, 27.0000 mm): PCB text 'GPS NEO-7M' on F.Silkscreen
    @(73.0000 mm, 28.0000 mm): Reference field of U3
[silk_overlap]: Silkscreen clearance
    Rule: board setup constraints silk; warning
    @(55.0000 mm, 71.5200 mm): Reference field of C2
    @(54.5400 mm, 61.0270 mm): Segment of C1 on F.Silkscreen
[silk_overlap]: Silkscreen clearance
    Rule: board setup constraints silk; warning
    @(55.0000 mm, 71.5200 mm): Reference field of C2
    @(54.5800 mm, 61.0350 mm): Segment of C1 on F.Silkscreen
[silk_overlap]: Silkscreen clearance
    Rule: board setup constraints silk; warning
    @(55.0000 mm, 71.5200 mm): Reference field of C2
    @(54.6200 mm, 61.0440 mm): Segment of C1 on F.Silkscreen
[silk_overlap]: Silkscreen clearance
    Rule: board setup constraints silk; warning
    @(55.0000 mm, 71.5200 mm): Reference field of C2
    @(54.6600 mm, 61.0530 mm): Segment of C1 on F.Silkscreen
[silk_overlap]: Silkscreen clearance
    Rule: board setup constraints silk; warning
    @(55.0000 mm, 71.5200 mm): Reference field of C2
    @(54.7000 mm, 61.0630 mm): Segment of C1 on F.Silkscreen
[silk_overlap]: Silkscreen clearance
    Rule: board setup constraints silk; warning
    @(55.0000 mm, 71.5200 mm): Reference field of C2
    @(54.7800 mm, 67.2400 mm): Segment of C1 on F.Silkscreen
[silk_overlap]: Silkscreen clearance
    Rule: board setup constraints silk; warning
    @(55.0000 mm, 71.5200 mm): Reference field of C2
    @(54.8200 mm, 67.2400 mm): Segment of C1 on F.Silkscreen
[silk_overlap]: Silkscreen clearance
    Rule: board setup constraints silk; warning
    @(55.0000 mm, 71.5200 mm): Reference field of C2
    @(54.7400 mm, 61.0720 mm): Segment of C1 on F.Silkscreen
[silk_overlap]: Silkscreen clearance
    Rule: board setup constraints silk; warning
    @(46.0000 mm, 80.2500 mm): Arc of U1 on F.Silkscreen
    @(50.5000 mm, 81.4000 mm): PCB text '4V SIM     GND' on F.Silkscreen
[silk_overlap]: Silkscreen clearance
    Rule: board setup constraints silk; warning
    @(46.0000 mm, 81.2500 mm): Segment of U1 on F.Silkscreen
    @(50.5000 mm, 81.4000 mm): PCB text '4V SIM     GND' on F.Silkscreen
[silk_over_copper]: Silkscreen clipped by solder mask
    Local override; warning
    @(57.0000 mm, 23.0000 mm): PCB text 'VSMART S3' on F.Silkscreen
    @(53.5000 mm, 24.6000 mm): PTH pad 2 [GND] of J1

** Found 10 unconnected pads **
[unconnected_items]: Missing connection between items
    Local override; error
    @(30.3800 mm, 72.0400 mm): PTH pad 4 [SIM_DTR] of U1
    @(83.2000 mm, 67.5400 mm): PTH pad 2 [SIM_DTR] of U4
[unconnected_items]: Missing connection between items
    Local override; error
    @(30.3800 mm, 77.1200 mm): PTH pad 6 [SIM_RX] of U1
    @(61.1264 mm, 72.6360 mm): PTH pad 11 [SIM_RX] of U4
[unconnected_items]: Missing connection between items
    Local override; error
    @(30.3800 mm, 79.6600 mm): PTH pad 7 [SIM_TX] of U1
    @(61.1264 mm, 70.0960 mm): PTH pad 10 [SIM_TX] of U4
[unconnected_items]: Missing connection between items
    Local override; error
    @(26.7000 mm, 39.8400 mm): PTH pad 4 [I2C_SDA] of U2
    @(45.6200 mm, 79.6600 mm): PTH pad 8 [I2C_SDA] of U1
[unconnected_items]: Missing connection between items
    Local override; error
    @(26.7000 mm, 37.3000 mm): PTH pad 3 [I2C_SCL] of U2
    @(45.6200 mm, 77.1200 mm): PTH pad 9 [I2C_SCL] of U1
[unconnected_items]: Missing connection between items
    Local override; error
    @(26.7000 mm, 50.0000 mm): PTH pad 8 [MPU_INT] of U2
    @(45.6200 mm, 74.5800 mm): PTH pad 10 [MPU_INT] of U1
[unconnected_items]: Missing connection between items
    Local override; error
    @(45.6200 mm, 69.5000 mm): PTH pad 12 [SIM_RST] of U1
    @(61.1264 mm, 67.5560 mm): PTH pad 9 [SIM_RST] of U4
[unconnected_items]: Missing connection between items
    Local override; error
    @(45.6200 mm, 66.9600 mm): PTH pad 13 [SIM_RI] of U1
    @(83.2000 mm, 65.0000 mm): PTH pad 1 [SIM_RI] of U4
[unconnected_items]: Missing connection between items
    Local override; error
    @(30.3800 mm, 61.8800 mm): PTH pad RX [GPS_RX] of U1
    @(83.5000 mm, 43.7700 mm): PTH pad 3 [GPS_RX] of U3
[unconnected_items]: Missing connection between items
    Local override; error
    @(30.3800 mm, 59.3400 mm): PTH pad TX [GPS_TX] of U1
    @(83.5000 mm, 41.2300 mm): PTH pad 2 [GPS_TX] of U3

** Found 0 Footprint errors **

** Ignored checks **
    - Footprint has no courtyard defined
    - Track endpoint not centered on via
    - Tuning profile track geometries
    - Footprint doesn't match symbol's footprint filters
    - Footprint component type doesn't match footprint pads

** End of Report **
