** Drc report for vsmart-module-esp32-s3-mini.kicad_pcb **
** Created on 2026-08-28T23:16:13 **
** Report includes: Errors, Warnings **

** Found 11 DRC violations **
[lib_footprint_issues]: Footprint 'MountingHole_3.2mm' not found in library 'MountingHole'
    Local override; warning
    @(24.0000 mm, 24.0000 mm): Footprint MH1
[lib_footprint_issues]: Footprint 'MountingHole_3.2mm' not found in library 'MountingHole'
    Local override; warning
    @(24.0000 mm, 92.0000 mm): Footprint MH3
[lib_footprint_issues]: Footprint 'MountingHole_3.2mm' not found in library 'MountingHole'
    Local override; warning
    @(112.0000 mm, 92.0000 mm): Footprint MH4
[lib_footprint_mismatch]: Footprint 'ESP32-S3-SuperMini' does not match copy in library 'VSmart_Modules'
    Local override; warning
    @(39.0000 mm, 83.5000 mm): Footprint U1
[lib_footprint_issues]: Footprint 'MountingHole_3.2mm' not found in library 'MountingHole'
    Local override; warning
    @(112.0000 mm, 24.0000 mm): Footprint MH2
[silk_overlap]: Silkscreen clearance
    Rule: board setup constraints silk; warning
    @(94.7000 mm, 89.4200 mm): Reference field of J2
    @(97.0000 mm, 88.5000 mm): PCB text '4V SIM     GND' on F.Silkscreen
[silk_over_copper]: Silkscreen clipped by solder mask
    Local override; warning
    @(53.0000 mm, 23.0000 mm): Rectangle of U3 on F.Silkscreen
    @(106.0000 mm, 41.0800 mm): PTH pad 1 [+5V] of U3
[silk_over_copper]: Silkscreen clipped by solder mask
    Local override; warning
    @(53.0000 mm, 23.0000 mm): Rectangle of U3 on F.Silkscreen
    @(106.0000 mm, 38.5400 mm): PTH pad 2 [GND] of U3
[silk_over_copper]: Silkscreen clipped by solder mask
    Local override; warning
    @(53.0000 mm, 23.0000 mm): Rectangle of U3 on F.Silkscreen
    @(106.0000 mm, 36.0000 mm): PTH pad 3 [GPS_RX] of U3
[silk_over_copper]: Silkscreen clipped by solder mask
    Local override; warning
    @(53.0000 mm, 23.0000 mm): Rectangle of U3 on F.Silkscreen
    @(106.0000 mm, 33.4600 mm): PTH pad 4 [GPS_TX] of U3
[silk_over_copper]: Silkscreen clipped by solder mask
    Local override; warning
    @(53.0000 mm, 23.0000 mm): Rectangle of U3 on F.Silkscreen
    @(106.0000 mm, 30.9200 mm): PTH pad 5 [GPS_PPS] of U3

** Found 0 unconnected pads **

** Found 0 Footprint errors **

** Ignored checks **
    - Footprint has no courtyard defined
    - Track endpoint not centered on via
    - Tuning profile track geometries
    - Footprint doesn't match symbol's footprint filters
    - Footprint component type doesn't match footprint pads

** End of Report **
