** Drc report for vsmart-module-carrier.kicad_pcb **
** Created on 2026-08-24T15:18:57 **
** Report includes: Errors, Warnings **

** Found 63 DRC violations **
[lib_footprint_issues]: Footprint 'MountingHole_3.2mm' not found in library 'MountingHole'
    Local override; warning
    @(155.0000 mm, 25.0000 mm): Footprint MH2
[lib_footprint_issues]: Footprint 'MountingHole_3.2mm' not found in library 'MountingHole'
    Local override; warning
    @(155.0000 mm, 105.0000 mm): Footprint MH4
[lib_footprint_issues]: Footprint 'MountingHole_3.2mm' not found in library 'MountingHole'
    Local override; warning
    @(25.0000 mm, 25.0000 mm): Footprint MH1
[lib_footprint_issues]: Footprint 'MountingHole_3.2mm' not found in library 'MountingHole'
    Local override; warning
    @(58.0000 mm, 105.0000 mm): Footprint MH3
[text_height]: Text height out of range (board setup constraints silk text height min height 0.8000 mm; actual 0.7000 mm)
    Rule: board setup constraints silk text height; warning
    @(24.2700 mm, 60.0800 mm): Footprint text of U1 (VP/GPIO36)
[text_height]: Text height out of range (board setup constraints silk text height min height 0.8000 mm; actual 0.7000 mm)
    Rule: board setup constraints silk text height; warning
    @(24.2700 mm, 62.6200 mm): Footprint text of U1 (VN/GPIO39)
[text_height]: Text height out of range (board setup constraints silk text height min height 0.8000 mm; actual 0.7000 mm)
    Rule: board setup constraints silk text height; warning
    @(24.2700 mm, 65.1600 mm): Footprint text of U1 (GPIO34)
[text_height]: Text height out of range (board setup constraints silk text height min height 0.8000 mm; actual 0.7000 mm)
    Rule: board setup constraints silk text height; warning
    @(24.2700 mm, 67.7000 mm): Footprint text of U1 (GPIO35)
[text_height]: Text height out of range (board setup constraints silk text height min height 0.8000 mm; actual 0.7000 mm)
    Rule: board setup constraints silk text height; warning
    @(24.2700 mm, 70.2400 mm): Footprint text of U1 (GPIO32)
[text_height]: Text height out of range (board setup constraints silk text height min height 0.8000 mm; actual 0.7000 mm)
    Rule: board setup constraints silk text height; warning
    @(24.2700 mm, 72.7800 mm): Footprint text of U1 (GPIO33)
[text_height]: Text height out of range (board setup constraints silk text height min height 0.8000 mm; actual 0.7000 mm)
    Rule: board setup constraints silk text height; warning
    @(24.2700 mm, 75.3200 mm): Footprint text of U1 (GPIO25)
[text_height]: Text height out of range (board setup constraints silk text height min height 0.8000 mm; actual 0.7000 mm)
    Rule: board setup constraints silk text height; warning
    @(24.2700 mm, 77.8600 mm): Footprint text of U1 (GPIO26)
[text_height]: Text height out of range (board setup constraints silk text height min height 0.8000 mm; actual 0.7000 mm)
    Rule: board setup constraints silk text height; warning
    @(24.2700 mm, 80.4000 mm): Footprint text of U1 (GPIO27)
[text_height]: Text height out of range (board setup constraints silk text height min height 0.8000 mm; actual 0.7000 mm)
    Rule: board setup constraints silk text height; warning
    @(24.2700 mm, 82.9400 mm): Footprint text of U1 (GPIO14/MTMS)
[text_height]: Text height out of range (board setup constraints silk text height min height 0.8000 mm; actual 0.7000 mm)
    Rule: board setup constraints silk text height; warning
    @(24.2700 mm, 85.4800 mm): Footprint text of U1 (GPIO12/MTDI)
[text_height]: Text height out of range (board setup constraints silk text height min height 0.8000 mm; actual 0.7000 mm)
    Rule: board setup constraints silk text height; warning
    @(24.2700 mm, 90.5600 mm): Footprint text of U1 (GPIO13/MTCK)
[text_height]: Text height out of range (board setup constraints silk text height min height 0.8000 mm; actual 0.7000 mm)
    Rule: board setup constraints silk text height; warning
    @(24.2700 mm, 93.1000 mm): Footprint text of U1 (D2)
[text_height]: Text height out of range (board setup constraints silk text height min height 0.8000 mm; actual 0.7000 mm)
    Rule: board setup constraints silk text height; warning
    @(24.2700 mm, 95.6400 mm): Footprint text of U1 (D3)
[text_height]: Text height out of range (board setup constraints silk text height min height 0.8000 mm; actual 0.7000 mm)
    Rule: board setup constraints silk text height; warning
    @(24.2700 mm, 98.1800 mm): Footprint text of U1 (CMD)
[text_height]: Text height out of range (board setup constraints silk text height min height 0.8000 mm; actual 0.7000 mm)
    Rule: board setup constraints silk text height; warning
    @(47.1300 mm, 57.5400 mm): Footprint text of U1 (GPIO23)
[text_height]: Text height out of range (board setup constraints silk text height min height 0.8000 mm; actual 0.7000 mm)
    Rule: board setup constraints silk text height; warning
    @(47.1300 mm, 60.0800 mm): Footprint text of U1 (GPIO22)
[text_height]: Text height out of range (board setup constraints silk text height min height 0.8000 mm; actual 0.7000 mm)
    Rule: board setup constraints silk text height; warning
    @(47.1300 mm, 62.6200 mm): Footprint text of U1 (GPIO1/U0TXD)
[text_height]: Text height out of range (board setup constraints silk text height min height 0.8000 mm; actual 0.7000 mm)
    Rule: board setup constraints silk text height; warning
    @(47.1300 mm, 65.1600 mm): Footprint text of U1 (GPIO3/U0RXD)
[text_height]: Text height out of range (board setup constraints silk text height min height 0.8000 mm; actual 0.7000 mm)
    Rule: board setup constraints silk text height; warning
    @(47.1300 mm, 67.7000 mm): Footprint text of U1 (GPIO21)
[text_height]: Text height out of range (board setup constraints silk text height min height 0.8000 mm; actual 0.7000 mm)
    Rule: board setup constraints silk text height; warning
    @(47.1300 mm, 72.7800 mm): Footprint text of U1 (GPIO19)
[text_height]: Text height out of range (board setup constraints silk text height min height 0.8000 mm; actual 0.7000 mm)
    Rule: board setup constraints silk text height; warning
    @(47.1300 mm, 75.3200 mm): Footprint text of U1 (GPIO18)
[text_height]: Text height out of range (board setup constraints silk text height min height 0.8000 mm; actual 0.7000 mm)
    Rule: board setup constraints silk text height; warning
    @(47.1300 mm, 77.8600 mm): Footprint text of U1 (GPIO5)
[text_height]: Text height out of range (board setup constraints silk text height min height 0.8000 mm; actual 0.7000 mm)
    Rule: board setup constraints silk text height; warning
    @(47.1300 mm, 80.4000 mm): Footprint text of U1 (GPIO17)
[text_height]: Text height out of range (board setup constraints silk text height min height 0.8000 mm; actual 0.7000 mm)
    Rule: board setup constraints silk text height; warning
    @(47.1300 mm, 82.9400 mm): Footprint text of U1 (GPIO16)
[text_height]: Text height out of range (board setup constraints silk text height min height 0.8000 mm; actual 0.7000 mm)
    Rule: board setup constraints silk text height; warning
    @(47.1300 mm, 85.4800 mm): Footprint text of U1 (GPIO4)
[text_height]: Text height out of range (board setup constraints silk text height min height 0.8000 mm; actual 0.7000 mm)
    Rule: board setup constraints silk text height; warning
    @(47.1300 mm, 88.0200 mm): Footprint text of U1 (GPIO0)
[text_height]: Text height out of range (board setup constraints silk text height min height 0.8000 mm; actual 0.7000 mm)
    Rule: board setup constraints silk text height; warning
    @(47.1300 mm, 90.5600 mm): Footprint text of U1 (GPIO2)
[text_height]: Text height out of range (board setup constraints silk text height min height 0.8000 mm; actual 0.7000 mm)
    Rule: board setup constraints silk text height; warning
    @(47.1300 mm, 93.1000 mm): Footprint text of U1 (GPIO15/MTDO)
[text_height]: Text height out of range (board setup constraints silk text height min height 0.8000 mm; actual 0.7000 mm)
    Rule: board setup constraints silk text height; warning
    @(47.1300 mm, 95.6400 mm): Footprint text of U1 (D1)
[text_height]: Text height out of range (board setup constraints silk text height min height 0.8000 mm; actual 0.7000 mm)
    Rule: board setup constraints silk text height; warning
    @(47.1300 mm, 98.1800 mm): Footprint text of U1 (D0)
[text_height]: Text height out of range (board setup constraints silk text height min height 0.8000 mm; actual 0.7000 mm)
    Rule: board setup constraints silk text height; warning
    @(47.1300 mm, 100.7200 mm): Footprint text of U1 (CLK)
[text_height]: Text height out of range (board setup constraints silk text height min height 0.8000 mm; actual 0.7620 mm)
    Rule: board setup constraints silk text height; warning
    @(129.3500 mm, 81.0000 mm): Footprint text of U4 (ANT)
[text_height]: Text height out of range (board setup constraints silk text height min height 0.8000 mm; actual 0.7620 mm)
    Rule: board setup constraints silk text height; warning
    @(129.4500 mm, 83.5000 mm): Footprint text of U4 (VCC
)
[text_height]: Text height out of range (board setup constraints silk text height min height 0.8000 mm; actual 0.7620 mm)
    Rule: board setup constraints silk text height; warning
    @(129.4500 mm, 86.1000 mm): Footprint text of U4 (RST)
[text_height]: Text height out of range (board setup constraints silk text height min height 0.8000 mm; actual 0.7620 mm)
    Rule: board setup constraints silk text height; warning
    @(129.5000 mm, 88.5500 mm): Footprint text of U4 (RXD)
[text_height]: Text height out of range (board setup constraints silk text height min height 0.8000 mm; actual 0.7620 mm)
    Rule: board setup constraints silk text height; warning
    @(129.5000 mm, 91.0000 mm): Footprint text of U4 (TXD)
[text_height]: Text height out of range (board setup constraints silk text height min height 0.8000 mm; actual 0.7620 mm)
    Rule: board setup constraints silk text height; warning
    @(129.5500 mm, 93.7000 mm): Footprint text of U4 (GND)
[text_height]: Text height out of range (board setup constraints silk text height min height 0.8000 mm; actual 0.7620 mm)
    Rule: board setup constraints silk text height; warning
    @(146.8000 mm, 96.2000 mm): Footprint text of U4 (SPKN)
[text_height]: Text height out of range (board setup constraints silk text height min height 0.8000 mm; actual 0.7620 mm)
    Rule: board setup constraints silk text height; warning
    @(146.8500 mm, 91.1000 mm): Footprint text of U4 (MICN)
[text_height]: Text height out of range (board setup constraints silk text height min height 0.8000 mm; actual 0.7620 mm)
    Rule: board setup constraints silk text height; warning
    @(146.8500 mm, 93.6500 mm): Footprint text of U4 (SPKP)
[text_height]: Text height out of range (board setup constraints silk text height min height 0.8000 mm; actual 0.7620 mm)
    Rule: board setup constraints silk text height; warning
    @(146.9000 mm, 88.4500 mm): Footprint text of U4 (MICP)
[text_height]: Text height out of range (board setup constraints silk text height min height 0.8000 mm; actual 0.7620 mm)
    Rule: board setup constraints silk text height; warning
    @(147.0500 mm, 83.5500 mm): Footprint text of U4 (RI)
[text_height]: Text height out of range (board setup constraints silk text height min height 0.8000 mm; actual 0.7620 mm)
    Rule: board setup constraints silk text height; warning
    @(147.0500 mm, 85.9500 mm): Footprint text of U4 (DTR)
[silk_overlap]: Silkscreen clearance
    Rule: board setup constraints silk; warning
    @(92.6200 mm, 96.6800 mm): Segment of J1 on F.Silkscreen
    @(102.0000 mm, 107.0000 mm): PCB text 'VSMART MODULE CARRIER REV A' on F.Silkscreen
[silk_overlap]: Silkscreen clearance
    Rule: board setup constraints silk; warning
    @(92.6200 mm, 106.7200 mm): Segment of J1 on F.Silkscreen
    @(102.0000 mm, 107.0000 mm): PCB text 'VSMART MODULE CARRIER REV A' on F.Silkscreen
[silk_over_copper]: Silkscreen clipped by solder mask
    Local override; warning
    @(55.0000 mm, 49.8000 mm): Rectangle of U6 on F.Silkscreen
    @(56.0000 mm, 52.2000 mm): Pad 2 [GND] of U6 on F.Cu
[silk_over_copper]: Silkscreen clipped by solder mask
    Local override; warning
    @(55.0000 mm, 49.8000 mm): Rectangle of U6 on F.Silkscreen
    @(76.0000 mm, 52.2000 mm): Pad 3 [GND] of U6 on F.Cu
[silk_over_copper]: Silkscreen clipped by solder mask
    Local override; warning
    @(55.0000 mm, 49.8000 mm): Rectangle of U6 on F.Silkscreen
    @(76.0000 mm, 63.8000 mm): Pad 4 [+4V_SIM] of U6 on F.Cu
[silk_over_copper]: Silkscreen clipped by solder mask
    Local override; warning
    @(55.0000 mm, 49.8000 mm): Rectangle of U6 on F.Silkscreen
    @(56.0000 mm, 63.8000 mm): Pad 1 [VIN_12V] of U6 on F.Cu
[silk_over_copper]: Silkscreen clipped by solder mask
    Local override; warning
    @(55.0000 mm, 24.8000 mm): Rectangle of U5 on F.Silkscreen
    @(56.0000 mm, 27.2000 mm): Pad 2 [GND] of U5 on F.Cu
[silk_over_copper]: Silkscreen clipped by solder mask
    Local override; warning
    @(55.0000 mm, 24.8000 mm): Rectangle of U5 on F.Silkscreen
    @(76.0000 mm, 27.2000 mm): Pad 3 [GND] of U5 on F.Cu
[silk_over_copper]: Silkscreen clipped by solder mask
    Local override; warning
    @(55.0000 mm, 24.8000 mm): Rectangle of U5 on F.Silkscreen
    @(76.0000 mm, 38.8000 mm): Pad 4 [+5V] of U5 on F.Cu
[silk_over_copper]: Silkscreen clipped by solder mask
    Local override; warning
    @(55.0000 mm, 24.8000 mm): Rectangle of U5 on F.Silkscreen
    @(56.0000 mm, 38.8000 mm): Pad 1 [VIN_12V] of U5 on F.Cu
[silk_over_copper]: Silkscreen clipped by solder mask
    Local override; warning
    @(102.0000 mm, 33.0000 mm): Rectangle of U3 on F.Silkscreen
    @(155.0000 mm, 51.0800 mm): PTH pad 1 [+5V] of U3
[silk_over_copper]: Silkscreen clipped by solder mask
    Local override; warning
    @(102.0000 mm, 33.0000 mm): Rectangle of U3 on F.Silkscreen
    @(155.0000 mm, 48.5400 mm): PTH pad 2 [GND] of U3
[silk_over_copper]: Silkscreen clipped by solder mask
    Local override; warning
    @(102.0000 mm, 33.0000 mm): Rectangle of U3 on F.Silkscreen
    @(155.0000 mm, 46.0000 mm): PTH pad 3 [GPS_RX] of U3
[silk_over_copper]: Silkscreen clipped by solder mask
    Local override; warning
    @(102.0000 mm, 33.0000 mm): Rectangle of U3 on F.Silkscreen
    @(155.0000 mm, 43.4600 mm): PTH pad 4 [GPS_TX] of U3
[silk_over_copper]: Silkscreen clipped by solder mask
    Local override; warning
    @(102.0000 mm, 33.0000 mm): Rectangle of U3 on F.Silkscreen
    @(155.0000 mm, 40.9200 mm): PTH pad 5 [GPS_PPS] of U3

** Found 0 unconnected pads **

** Found 42 Footprint errors **
[footprint_symbol_field_mismatch]: Field 'Description' differs (PCB: '', Schematic: 'Polarized capacitor')
    Local override; warning
    @(116.0000 mm, 96.0000 mm): Footprint C1
[footprint_symbol_field_mismatch]: Field 'Description' differs (PCB: '', Schematic: 'Unpolarized capacitor')
    Local override; warning
    @(123.5000 mm, 83.0000 mm): Footprint C2
[footprint_symbol_field_mismatch]: Field 'Description' differs (PCB: '', Schematic: 'Polarized capacitor')
    Local override; warning
    @(85.0000 mm, 39.0000 mm): Footprint C3
[footprint_symbol_field_mismatch]: Field 'Description' differs (PCB: '', Schematic: 'Generic connector, single row, 01x02, script generated (kicad-library-utils/schlib/autogen/connector/)')
    Local override; warning
    @(85.0000 mm, 102.0000 mm): Footprint J1
[footprint_symbol_field_mismatch]: Field 'Datasheet' differs (PCB: '', Schematic: 'https://docs.espressif.com/projects/esp-idf/zh_CN/latest/esp32/hw-reference/esp32/get-started-devkitc.html')
    Local override; warning
    @(23.0000 mm, 55.0000 mm): Footprint U1
[net_conflict]: Pad missing net given by schematic (unconnected-(U1-CHIP_PU-Pad2))
    Local override; warning
    @(23.0000 mm, 57.5400 mm): PTH pad 2 [<no net>] of U1
[net_conflict]: Pad missing net given by schematic (unconnected-(U1-SENSOR_VP{slash}GPIO36{slash}ADC1_CH0-Pad3))
    Local override; warning
    @(23.0000 mm, 60.0800 mm): PTH pad 3 [<no net>] of U1
[net_conflict]: Pad missing net given by schematic (unconnected-(U1-SENSOR_VN{slash}GPIO39{slash}ADC1_CH3-Pad4))
    Local override; warning
    @(23.0000 mm, 62.6200 mm): PTH pad 4 [<no net>] of U1
[net_conflict]: Pad missing net given by schematic (unconnected-(U1-MTMS{slash}GPIO14{slash}ADC2_CH6-Pad12))
    Local override; warning
    @(23.0000 mm, 82.9400 mm): PTH pad 12 [<no net>] of U1
[net_conflict]: Pad missing net given by schematic (unconnected-(U1-MTDI{slash}GPIO12{slash}ADC2_CH5-Pad13))
    Local override; warning
    @(23.0000 mm, 85.4800 mm): PTH pad 13 [<no net>] of U1
[net_conflict]: Pad missing net given by schematic (unconnected-(U1-MTCK{slash}GPIO13{slash}ADC2_CH4-Pad15))
    Local override; warning
    @(23.0000 mm, 90.5600 mm): PTH pad 15 [<no net>] of U1
[net_conflict]: Pad missing net given by schematic (unconnected-(U1-SD_DATA2{slash}GPIO9-Pad16))
    Local override; warning
    @(23.0000 mm, 93.1000 mm): PTH pad 16 [<no net>] of U1
[net_conflict]: Pad missing net given by schematic (unconnected-(U1-SD_DATA3{slash}GPIO10-Pad17))
    Local override; warning
    @(23.0000 mm, 95.6400 mm): PTH pad 17 [<no net>] of U1
[net_conflict]: Pad missing net given by schematic (unconnected-(U1-CMD-Pad18))
    Local override; warning
    @(23.0000 mm, 98.1800 mm): PTH pad 18 [<no net>] of U1
[net_conflict]: Pad missing net given by schematic (unconnected-(U1-SD_CLK{slash}GPIO6-Pad20))
    Local override; warning
    @(48.3963 mm, 100.7173 mm): PTH pad 20 [<no net>] of U1
[net_conflict]: Pad missing net given by schematic (unconnected-(U1-SD_DATA0{slash}GPIO7-Pad21))
    Local override; warning
    @(48.3963 mm, 98.1773 mm): PTH pad 21 [<no net>] of U1
[net_conflict]: Pad missing net given by schematic (unconnected-(U1-SD_DATA1{slash}GPIO8-Pad22))
    Local override; warning
    @(48.4000 mm, 95.6400 mm): PTH pad 22 [<no net>] of U1
[net_conflict]: Pad missing net given by schematic (unconnected-(U1-MTDO{slash}GPIO15{slash}ADC2_CH3-Pad23))
    Local override; warning
    @(48.4000 mm, 93.1000 mm): PTH pad 23 [<no net>] of U1
[net_conflict]: Pad missing net given by schematic (unconnected-(U1-ADC2_CH2{slash}GPIO2-Pad24))
    Local override; warning
    @(48.4000 mm, 90.5600 mm): PTH pad 24 [<no net>] of U1
[net_conflict]: Pad missing net given by schematic (unconnected-(U1-GPIO0{slash}BOOT{slash}ADC2_CH1-Pad25))
    Local override; warning
    @(48.4000 mm, 88.0200 mm): PTH pad 25 [<no net>] of U1
[net_conflict]: Pad missing net given by schematic (unconnected-(U1-ADC2_CH0{slash}GPIO4-Pad26))
    Local override; warning
    @(48.4000 mm, 85.4800 mm): PTH pad 26 [<no net>] of U1
[net_conflict]: Pad missing net given by schematic (unconnected-(U1-GPIO5-Pad29))
    Local override; warning
    @(48.4000 mm, 77.8600 mm): PTH pad 29 [<no net>] of U1
[net_conflict]: Pad missing net given by schematic (unconnected-(U1-GPIO18-Pad30))
    Local override; warning
    @(48.4000 mm, 75.3200 mm): PTH pad 30 [<no net>] of U1
[net_conflict]: Pad missing net given by schematic (unconnected-(U1-GPIO19-Pad31))
    Local override; warning
    @(48.4000 mm, 72.7800 mm): PTH pad 31 [<no net>] of U1
[net_conflict]: Pad missing net given by schematic (unconnected-(U1-U0RXD{slash}GPIO3-Pad34))
    Local override; warning
    @(48.4000 mm, 65.1600 mm): PTH pad 34 [<no net>] of U1
[net_conflict]: Pad missing net given by schematic (unconnected-(U1-U0TXD{slash}GPIO1-Pad35))
    Local override; warning
    @(48.4000 mm, 62.6200 mm): PTH pad 35 [<no net>] of U1
[net_conflict]: Pad missing net given by schematic (unconnected-(U1-GPIO23-Pad37))
    Local override; warning
    @(48.4000 mm, 57.5400 mm): PTH pad 37 [<no net>] of U1
[net_conflict]: Pad missing net given by schematic (unconnected-(U2-XDA-Pad5))
    Local override; warning
    @(101.0000 mm, 74.3800 mm): PTH pad 5 [<no net>] of U2
[net_conflict]: Pad missing net given by schematic (unconnected-(U2-XCL-Pad6))
    Local override; warning
    @(101.0000 mm, 76.9200 mm): PTH pad 6 [<no net>] of U2
[footprint_symbol_field_mismatch]: Field 'Datasheet' differs (PCB: '', Schematic: 'https://wiki.keyestudio.com/KS0319_keyestudio_GPS_Module')
    Local override; warning
    @(155.0000 mm, 46.0000 mm): Footprint U3
[footprint_symbol_field_mismatch]: Field 'Datasheet' differs (PCB: '', Schematic: 'https://github.com/TDLOGY/TDM2309-A7680C-4G-Replace-SIM800L')
    Local override; warning
    @(150.0000 mm, 83.0000 mm): Footprint U4
[net_conflict]: Pad missing net given by schematic (unconnected-(U4-MICP-Pad3))
    Local override; warning
    @(150.0000 mm, 88.0800 mm): PTH pad 3 [<no net>] of U4
[net_conflict]: Pad missing net given by schematic (unconnected-(U4-MICN-Pad4))
    Local override; warning
    @(150.0000 mm, 90.6200 mm): PTH pad 4 [<no net>] of U4
[net_conflict]: Pad missing net given by schematic (unconnected-(U4-SPKP-Pad5))
    Local override; warning
    @(150.0000 mm, 93.1600 mm): PTH pad 5 [<no net>] of U4
[net_conflict]: Pad missing net given by schematic (unconnected-(U4-SPKN-Pad6))
    Local override; warning
    @(150.0000 mm, 95.7000 mm): PTH pad 6 [<no net>] of U4
[net_conflict]: Pad missing net given by schematic (unconnected-(U4-ANT-Pad7))
    Local override; warning
    @(127.9264 mm, 80.4760 mm): PTH pad 7 [<no net>] of U4
[footprint_symbol_field_mismatch]: Field 'Datasheet' differs (PCB: '', Schematic: 'https://www.ti.com/lit/ds/symlink/lm2596.pdf')
    Local override; warning
    @(66.0000 mm, 33.0000 mm): Footprint U5
[footprint_symbol_field_mismatch]: Field 'Datasheet' differs (PCB: '', Schematic: 'https://www.ti.com/lit/ds/symlink/lm2596.pdf')
    Local override; warning
    @(66.0000 mm, 58.0000 mm): Footprint U6
[extra_footprint]: Extra footprint
    Local override; warning
    @(155.0000 mm, 25.0000 mm): Footprint MH2
[extra_footprint]: Extra footprint
    Local override; warning
    @(155.0000 mm, 105.0000 mm): Footprint MH4
[extra_footprint]: Extra footprint
    Local override; warning
    @(25.0000 mm, 25.0000 mm): Footprint MH1
[extra_footprint]: Extra footprint
    Local override; warning
    @(58.0000 mm, 105.0000 mm): Footprint MH3

** Ignored checks **
    - Footprint has no courtyard defined
    - Track endpoint not centered on via
    - Tuning profile track geometries
    - Footprint doesn't match symbol's footprint filters
    - Footprint component type doesn't match footprint pads

** End of Report **
