** Drc report for vsmart-module-carrier.kicad_pcb **
** Created on 2026-08-24T15:42:25 **
** Report includes: Errors, Warnings **

** Found 54 DRC violations **
[lib_footprint_issues]: Footprint 'MountingHole_3.2mm' not found in library 'MountingHole'
    Local override; warning
    @(120.0000 mm, 98.0000 mm): Footprint MH4
[lib_footprint_issues]: Footprint 'MountingHole_3.2mm' not found in library 'MountingHole'
    Local override; warning
    @(25.0000 mm, 98.0000 mm): Footprint MH3
[lib_footprint_issues]: Footprint 'MountingHole_3.2mm' not found in library 'MountingHole'
    Local override; warning
    @(64.0000 mm, 25.0000 mm): Footprint MH2
[lib_footprint_issues]: Footprint 'MountingHole_3.2mm' not found in library 'MountingHole'
    Local override; warning
    @(25.0000 mm, 25.0000 mm): Footprint MH1
[text_height]: Text height out of range (board setup constraints silk text height min height 0.8000 mm; actual 0.7620 mm)
    Rule: board setup constraints silk text height; warning
    @(94.8500 mm, 71.0000 mm): Footprint text of U4 (ANT)
[text_height]: Text height out of range (board setup constraints silk text height min height 0.8000 mm; actual 0.7620 mm)
    Rule: board setup constraints silk text height; warning
    @(94.9500 mm, 73.5000 mm): Footprint text of U4 (VCC
)
[text_height]: Text height out of range (board setup constraints silk text height min height 0.8000 mm; actual 0.7620 mm)
    Rule: board setup constraints silk text height; warning
    @(94.9500 mm, 76.1000 mm): Footprint text of U4 (RST)
[text_height]: Text height out of range (board setup constraints silk text height min height 0.8000 mm; actual 0.7620 mm)
    Rule: board setup constraints silk text height; warning
    @(95.0000 mm, 78.5500 mm): Footprint text of U4 (RXD)
[text_height]: Text height out of range (board setup constraints silk text height min height 0.8000 mm; actual 0.7620 mm)
    Rule: board setup constraints silk text height; warning
    @(95.0000 mm, 81.0000 mm): Footprint text of U4 (TXD)
[text_height]: Text height out of range (board setup constraints silk text height min height 0.8000 mm; actual 0.7620 mm)
    Rule: board setup constraints silk text height; warning
    @(95.0500 mm, 83.7000 mm): Footprint text of U4 (GND)
[text_height]: Text height out of range (board setup constraints silk text height min height 0.8000 mm; actual 0.7620 mm)
    Rule: board setup constraints silk text height; warning
    @(112.3000 mm, 86.2000 mm): Footprint text of U4 (SPKN)
[text_height]: Text height out of range (board setup constraints silk text height min height 0.8000 mm; actual 0.7620 mm)
    Rule: board setup constraints silk text height; warning
    @(112.3500 mm, 81.1000 mm): Footprint text of U4 (MICN)
[text_height]: Text height out of range (board setup constraints silk text height min height 0.8000 mm; actual 0.7620 mm)
    Rule: board setup constraints silk text height; warning
    @(112.3500 mm, 83.6500 mm): Footprint text of U4 (SPKP)
[text_height]: Text height out of range (board setup constraints silk text height min height 0.8000 mm; actual 0.7620 mm)
    Rule: board setup constraints silk text height; warning
    @(112.4000 mm, 78.4500 mm): Footprint text of U4 (MICP)
[text_height]: Text height out of range (board setup constraints silk text height min height 0.8000 mm; actual 0.7620 mm)
    Rule: board setup constraints silk text height; warning
    @(112.5500 mm, 73.5500 mm): Footprint text of U4 (RI)
[text_height]: Text height out of range (board setup constraints silk text height min height 0.8000 mm; actual 0.7620 mm)
    Rule: board setup constraints silk text height; warning
    @(112.5500 mm, 75.9500 mm): Footprint text of U4 (DTR)
[text_height]: Text height out of range (board setup constraints silk text height min height 0.8000 mm; actual 0.7000 mm)
    Rule: board setup constraints silk text height; warning
    @(24.2700 mm, 53.0800 mm): Footprint text of U1 (VP/GPIO36)
[text_height]: Text height out of range (board setup constraints silk text height min height 0.8000 mm; actual 0.7000 mm)
    Rule: board setup constraints silk text height; warning
    @(24.2700 mm, 55.6200 mm): Footprint text of U1 (VN/GPIO39)
[text_height]: Text height out of range (board setup constraints silk text height min height 0.8000 mm; actual 0.7000 mm)
    Rule: board setup constraints silk text height; warning
    @(24.2700 mm, 58.1600 mm): Footprint text of U1 (GPIO34)
[text_height]: Text height out of range (board setup constraints silk text height min height 0.8000 mm; actual 0.7000 mm)
    Rule: board setup constraints silk text height; warning
    @(24.2700 mm, 60.7000 mm): Footprint text of U1 (GPIO35)
[text_height]: Text height out of range (board setup constraints silk text height min height 0.8000 mm; actual 0.7000 mm)
    Rule: board setup constraints silk text height; warning
    @(24.2700 mm, 63.2400 mm): Footprint text of U1 (GPIO32)
[text_height]: Text height out of range (board setup constraints silk text height min height 0.8000 mm; actual 0.7000 mm)
    Rule: board setup constraints silk text height; warning
    @(24.2700 mm, 65.7800 mm): Footprint text of U1 (GPIO33)
[text_height]: Text height out of range (board setup constraints silk text height min height 0.8000 mm; actual 0.7000 mm)
    Rule: board setup constraints silk text height; warning
    @(24.2700 mm, 68.3200 mm): Footprint text of U1 (GPIO25)
[text_height]: Text height out of range (board setup constraints silk text height min height 0.8000 mm; actual 0.7000 mm)
    Rule: board setup constraints silk text height; warning
    @(24.2700 mm, 70.8600 mm): Footprint text of U1 (GPIO26)
[text_height]: Text height out of range (board setup constraints silk text height min height 0.8000 mm; actual 0.7000 mm)
    Rule: board setup constraints silk text height; warning
    @(24.2700 mm, 73.4000 mm): Footprint text of U1 (GPIO27)
[text_height]: Text height out of range (board setup constraints silk text height min height 0.8000 mm; actual 0.7000 mm)
    Rule: board setup constraints silk text height; warning
    @(24.2700 mm, 75.9400 mm): Footprint text of U1 (GPIO14/MTMS)
[text_height]: Text height out of range (board setup constraints silk text height min height 0.8000 mm; actual 0.7000 mm)
    Rule: board setup constraints silk text height; warning
    @(24.2700 mm, 78.4800 mm): Footprint text of U1 (GPIO12/MTDI)
[text_height]: Text height out of range (board setup constraints silk text height min height 0.8000 mm; actual 0.7000 mm)
    Rule: board setup constraints silk text height; warning
    @(24.2700 mm, 83.5600 mm): Footprint text of U1 (GPIO13/MTCK)
[text_height]: Text height out of range (board setup constraints silk text height min height 0.8000 mm; actual 0.7000 mm)
    Rule: board setup constraints silk text height; warning
    @(24.2700 mm, 86.1000 mm): Footprint text of U1 (D2)
[text_height]: Text height out of range (board setup constraints silk text height min height 0.8000 mm; actual 0.7000 mm)
    Rule: board setup constraints silk text height; warning
    @(24.2700 mm, 88.6400 mm): Footprint text of U1 (D3)
[text_height]: Text height out of range (board setup constraints silk text height min height 0.8000 mm; actual 0.7000 mm)
    Rule: board setup constraints silk text height; warning
    @(24.2700 mm, 91.1800 mm): Footprint text of U1 (CMD)
[text_height]: Text height out of range (board setup constraints silk text height min height 0.8000 mm; actual 0.7000 mm)
    Rule: board setup constraints silk text height; warning
    @(47.1300 mm, 50.5400 mm): Footprint text of U1 (GPIO23)
[text_height]: Text height out of range (board setup constraints silk text height min height 0.8000 mm; actual 0.7000 mm)
    Rule: board setup constraints silk text height; warning
    @(47.1300 mm, 53.0800 mm): Footprint text of U1 (GPIO22)
[text_height]: Text height out of range (board setup constraints silk text height min height 0.8000 mm; actual 0.7000 mm)
    Rule: board setup constraints silk text height; warning
    @(47.1300 mm, 55.6200 mm): Footprint text of U1 (GPIO1/U0TXD)
[text_height]: Text height out of range (board setup constraints silk text height min height 0.8000 mm; actual 0.7000 mm)
    Rule: board setup constraints silk text height; warning
    @(47.1300 mm, 58.1600 mm): Footprint text of U1 (GPIO3/U0RXD)
[text_height]: Text height out of range (board setup constraints silk text height min height 0.8000 mm; actual 0.7000 mm)
    Rule: board setup constraints silk text height; warning
    @(47.1300 mm, 60.7000 mm): Footprint text of U1 (GPIO21)
[text_height]: Text height out of range (board setup constraints silk text height min height 0.8000 mm; actual 0.7000 mm)
    Rule: board setup constraints silk text height; warning
    @(47.1300 mm, 65.7800 mm): Footprint text of U1 (GPIO19)
[text_height]: Text height out of range (board setup constraints silk text height min height 0.8000 mm; actual 0.7000 mm)
    Rule: board setup constraints silk text height; warning
    @(47.1300 mm, 68.3200 mm): Footprint text of U1 (GPIO18)
[text_height]: Text height out of range (board setup constraints silk text height min height 0.8000 mm; actual 0.7000 mm)
    Rule: board setup constraints silk text height; warning
    @(47.1300 mm, 70.8600 mm): Footprint text of U1 (GPIO5)
[text_height]: Text height out of range (board setup constraints silk text height min height 0.8000 mm; actual 0.7000 mm)
    Rule: board setup constraints silk text height; warning
    @(47.1300 mm, 73.4000 mm): Footprint text of U1 (GPIO17)
[text_height]: Text height out of range (board setup constraints silk text height min height 0.8000 mm; actual 0.7000 mm)
    Rule: board setup constraints silk text height; warning
    @(47.1300 mm, 75.9400 mm): Footprint text of U1 (GPIO16)
[text_height]: Text height out of range (board setup constraints silk text height min height 0.8000 mm; actual 0.7000 mm)
    Rule: board setup constraints silk text height; warning
    @(47.1300 mm, 78.4800 mm): Footprint text of U1 (GPIO4)
[text_height]: Text height out of range (board setup constraints silk text height min height 0.8000 mm; actual 0.7000 mm)
    Rule: board setup constraints silk text height; warning
    @(47.1300 mm, 81.0200 mm): Footprint text of U1 (GPIO0)
[text_height]: Text height out of range (board setup constraints silk text height min height 0.8000 mm; actual 0.7000 mm)
    Rule: board setup constraints silk text height; warning
    @(47.1300 mm, 83.5600 mm): Footprint text of U1 (GPIO2)
[text_height]: Text height out of range (board setup constraints silk text height min height 0.8000 mm; actual 0.7000 mm)
    Rule: board setup constraints silk text height; warning
    @(47.1300 mm, 86.1000 mm): Footprint text of U1 (GPIO15/MTDO)
[text_height]: Text height out of range (board setup constraints silk text height min height 0.8000 mm; actual 0.7000 mm)
    Rule: board setup constraints silk text height; warning
    @(47.1300 mm, 88.6400 mm): Footprint text of U1 (D1)
[text_height]: Text height out of range (board setup constraints silk text height min height 0.8000 mm; actual 0.7000 mm)
    Rule: board setup constraints silk text height; warning
    @(47.1300 mm, 91.1800 mm): Footprint text of U1 (D0)
[text_height]: Text height out of range (board setup constraints silk text height min height 0.8000 mm; actual 0.7000 mm)
    Rule: board setup constraints silk text height; warning
    @(47.1300 mm, 93.7200 mm): Footprint text of U1 (CLK)
[silk_over_copper]: Silkscreen clipped by solder mask
    Local override; warning
    @(69.0000 mm, 24.0000 mm): Rectangle of U3 on F.Silkscreen
    @(122.0000 mm, 42.0800 mm): PTH pad 1 [+5V] of U3
[silk_over_copper]: Silkscreen clipped by solder mask
    Local override; warning
    @(69.0000 mm, 24.0000 mm): Rectangle of U3 on F.Silkscreen
    @(122.0000 mm, 39.5400 mm): PTH pad 2 [GND] of U3
[silk_over_copper]: Silkscreen clipped by solder mask
    Local override; warning
    @(69.0000 mm, 24.0000 mm): Rectangle of U3 on F.Silkscreen
    @(122.0000 mm, 37.0000 mm): PTH pad 3 [GPS_RX] of U3
[silk_over_copper]: Silkscreen clipped by solder mask
    Local override; warning
    @(69.0000 mm, 24.0000 mm): Rectangle of U3 on F.Silkscreen
    @(122.0000 mm, 34.4600 mm): PTH pad 4 [GPS_TX] of U3
[silk_over_copper]: Silkscreen clipped by solder mask
    Local override; warning
    @(69.0000 mm, 24.0000 mm): Rectangle of U3 on F.Silkscreen
    @(122.0000 mm, 31.9200 mm): PTH pad 5 [GPS_PPS] of U3
[silk_over_copper]: Silkscreen clipped by solder mask
    Local override; warning
    @(72.5000 mm, 99.5000 mm): PCB text 'VSMART MODULE CARRIER REV B' on B.Silkscreen
    @(65.4000 mm, 98.0000 mm): PTH pad 2 [GND] of J1

** Found 0 unconnected pads **

** Found 0 Footprint errors **

** Ignored checks **
    - Footprint has no courtyard defined
    - Track endpoint not centered on via
    - Tuning profile track geometries
    - Footprint doesn't match symbol's footprint filters
    - Footprint component type doesn't match footprint pads

** End of Report **
