** Drc report for vsmart-module-carrier.kicad_pcb **
** Created on 2026-08-24T15:11:37 **
** Report includes: Errors, Warnings **

** Found 106 DRC violations **
[shorting_items]: Items shorting two nets (nets +5V and VIN_12V)
    Local override; error
    @(75.3592 mm, 90.9133 mm): Via [+5V] on F.Cu - B.Cu
    @(56.0000 mm, 73.0000 mm): Track [VIN_12V] on F.Cu, length 41.0122 mm
[shorting_items]: Items shorting two nets (nets +5V and GND)
    Local override; error
    @(86.1178 mm, 37.8822 mm): Track [+5V] on B.Cu, length 53.8549 mm
    @(88.5000 mm, 39.0000 mm): PTH pad 2 [GND] of C3
[shorting_items]: Items shorting two nets (nets +5V and GND)
    Local override; error
    @(78.3120 mm, 55.3721 mm): Track [+5V] on F.Cu, length 6.5248 mm
    @(76.0000 mm, 52.2000 mm): Pad 3 [GND] of U6 on F.Cu
[shorting_items]: Items shorting two nets (nets GND and +5V)
    Local override; error
    @(151.9270 mm, 46.6687 mm): Track [GND] on F.Cu, length 2.8152 mm
    @(149.3609 mm, 47.2704 mm): Via [+5V] on F.Cu - B.Cu
[shorting_items]: Items shorting two nets (nets +5V and GND)
    Local override; error
    @(78.3120 mm, 42.1017 mm): Track [+5V] on F.Cu, length 13.2704 mm
    @(76.0000 mm, 52.2000 mm): Pad 3 [GND] of U6 on F.Cu
[shorting_items]: Items shorting two nets (nets +4V_SIM and +5V)
    Local override; error
    @(76.0000 mm, 63.8000 mm): Pad 4 [+4V_SIM] of U6 on F.Cu
    @(73.6983 mm, 59.9858 mm): Track [+5V] on F.Cu, length 29.2666 mm
[shorting_items]: Items shorting two nets (nets GND and +5V)
    Local override; error
    @(151.9270 mm, 46.6687 mm): Track [GND] on F.Cu, length 2.8152 mm
    @(153.1705 mm, 51.0800 mm): Track [+5V] on F.Cu, length 5.3876 mm
[shorting_items]: Items shorting two nets (nets +5V and VIN_12V)
    Local override; error
    @(73.6983 mm, 89.2524 mm): Track [+5V] on F.Cu, length 2.3489 mm
    @(56.0000 mm, 73.0000 mm): Track [VIN_12V] on F.Cu, length 41.0122 mm
[clearance]: Clearance violation (netclass 'Default' clearance 0.2000 mm; actual 0.0018 mm)
    Rule: netclass 'Default'; error
    @(150.2467 mm, 47.2357 mm): Track [GPS_PPS] on B.Cu, length 25.5353 mm
    @(139.9727 mm, 37.8822 mm): Track [+5V] on B.Cu, length 13.2769 mm
[clearance]: Clearance violation (netclass 'Default' clearance 0.2000 mm; actual 0.0383 mm)
    Rule: netclass 'Default'; error
    @(127.9264 mm, 90.6360 mm): PTH pad 11 [SIM_RX] of U4
    @(127.6579 mm, 92.0243 mm): Track [GND] on F.Cu, length 0.2685 mm
[shorting_items]: Items shorting two nets (nets GND and MPU_INT)
    Local override; error
    @(99.9078 mm, 79.4600 mm): Track [GND] on F.Cu, length 12.6322 mm
    @(101.0000 mm, 82.0000 mm): PTH pad 8 [MPU_INT] of U2
[shorting_items]: Items shorting two nets (nets SIM_RX and GND)
    Local override; error
    @(127.9264 mm, 90.6360 mm): PTH pad 11 [SIM_RX] of U4
    @(124.4500 mm, 88.8164 mm): Track [GND] on F.Cu, length 4.5367 mm
[shorting_items]: Items shorting two nets (nets GND and VIN_12V)
    Local override; error
    @(53.6983 mm, 31.1525 mm): Track [GND] on F.Cu, length 15.4441 mm
    @(56.0000 mm, 38.8000 mm): Pad 1 [VIN_12V] of U5 on F.Cu
[clearance]: Clearance violation (netclass 'Default' clearance 0.2000 mm; actual 0.0383 mm)
    Rule: netclass 'Default'; error
    @(127.9264 mm, 90.6360 mm): PTH pad 11 [SIM_RX] of U4
    @(127.9264 mm, 93.1760 mm): Track [GND] on F.Cu, length 1.1517 mm
[shorting_items]: Items shorting two nets (nets GND and +4V_SIM)
    Local override; error
    @(124.4500 mm, 83.0000 mm): Track [GND] on F.Cu, length 5.8164 mm
    @(122.5500 mm, 83.0000 mm): Track [+4V_SIM] on F.Cu, length 1.4571 mm
[shorting_items]: Items shorting two nets (nets +4V_SIM and GND)
    Local override; error
    @(122.5500 mm, 83.0000 mm): Track [+4V_SIM] on F.Cu, length 1.4571 mm
    @(124.4500 mm, 83.0000 mm): Pad 2 [GND] of C2 on F.Cu
[shorting_items]: Items shorting two nets (nets GND and I2C_SDA)
    Local override; error
    @(47.0983 mm, 70.2400 mm): Track [GND] on F.Cu, length 15.2400 mm
    @(48.4000 mm, 67.7000 mm): PTH pad 33 [I2C_SDA] of U1
[shorting_items]: Items shorting two nets (nets +5V and GND)
    Local override; error
    @(76.0000 mm, 38.8000 mm): Pad 4 [+5V] of U5 on F.Cu
    @(73.6983 mm, 31.6525 mm): Track [GND] on F.Cu, length 14.9441 mm
[shorting_items]: Items shorting two nets (nets +4V_SIM and GND)
    Local override; error
    @(125.7284 mm, 81.9697 mm): Track [+4V_SIM] on F.Cu, length 1.4797 mm
    @(124.4500 mm, 83.0000 mm): Pad 2 [GND] of C2 on F.Cu
[shorting_items]: Items shorting two nets (nets  and GND)
    Local override; error
    @(101.0000 mm, 76.9200 mm): PTH pad 6 [<no net>] of U2
    @(99.9078 mm, 66.7600 mm): Track [GND] on F.Cu, length 12.7000 mm
[shorting_items]: Items shorting two nets (nets +4V_SIM and GND)
    Local override; error
    @(123.5803 mm, 81.9697 mm): Track [+4V_SIM] on F.Cu, length 2.1481 mm
    @(124.4500 mm, 83.0000 mm): Pad 2 [GND] of C2 on F.Cu
[shorting_items]: Items shorting two nets (nets +5V and )
    Local override; error
    @(67.1923 mm, 99.0802 mm): Track [+5V] on B.Cu, length 41.2508 mm
    @(48.3963 mm, 98.1773 mm): PTH pad 21 [<no net>] of U1
[shorting_items]: Items shorting two nets (nets GND and VIN_12V)
    Local override; error
    @(56.0000 mm, 52.2000 mm): Pad 2 [GND] of U6 on F.Cu
    @(58.3017 mm, 58.1966 mm): Track [VIN_12V] on F.Cu, length 13.7932 mm
[solder_mask_bridge]: Front solder mask aperture bridges items with different nets
    Rule: board setup solder mask min width; error
    @(124.4500 mm, 88.8164 mm): Track [GND] on F.Cu, length 4.5367 mm
    @(127.9264 mm, 90.6360 mm): PTH pad 11 [SIM_RX] of U4
[solder_mask_bridge]: Rear solder mask aperture bridges items with different nets
    Rule: board setup solder mask min width; error
    @(86.1178 mm, 37.8822 mm): Track [+5V] on B.Cu, length 53.8549 mm
    @(88.5000 mm, 39.0000 mm): PTH pad 2 [GND] of C3
[solder_mask_bridge]: Front solder mask aperture bridges items with different nets
    Rule: board setup solder mask min width; error
    @(99.9078 mm, 79.4600 mm): Track [GND] on F.Cu, length 12.6322 mm
    @(101.0000 mm, 82.0000 mm): PTH pad 8 [MPU_INT] of U2
[solder_mask_bridge]: Front solder mask aperture bridges items with different nets
    Rule: board setup solder mask min width; error
    @(47.0983 mm, 70.2400 mm): Track [GND] on F.Cu, length 15.2400 mm
    @(48.4000 mm, 67.7000 mm): PTH pad 33 [I2C_SDA] of U1
[solder_mask_bridge]: Front solder mask aperture bridges items with different nets
    Rule: board setup solder mask min width; error
    @(47.0983 mm, 70.2400 mm): Track [GND] on F.Cu, length 15.2400 mm
    @(48.4000 mm, 65.1600 mm): PTH pad 34 [<no net>] of U1
[solder_mask_bridge]: Front solder mask aperture bridges items with different nets
    Rule: board setup solder mask min width; error
    @(78.3120 mm, 42.1017 mm): Track [+5V] on F.Cu, length 13.2704 mm
    @(76.0000 mm, 52.2000 mm): Pad 3 [GND] of U6 on F.Cu
[solder_mask_bridge]: Front solder mask aperture bridges items with different nets
    Rule: board setup solder mask min width; error
    @(73.6983 mm, 31.6525 mm): Track [GND] on F.Cu, length 14.9441 mm
    @(76.0000 mm, 38.8000 mm): Pad 4 [+5V] of U5 on F.Cu
[solder_mask_bridge]: Front solder mask aperture bridges items with different nets
    Rule: board setup solder mask min width; error
    @(47.0983 mm, 70.2400 mm): Track [GND] on F.Cu, length 15.2400 mm
    @(48.4000 mm, 62.6200 mm): PTH pad 35 [<no net>] of U1
[solder_mask_bridge]: Front solder mask aperture bridges items with different nets
    Rule: board setup solder mask min width; error
    @(78.3120 mm, 55.3721 mm): Track [+5V] on F.Cu, length 6.5248 mm
    @(76.0000 mm, 52.2000 mm): Pad 3 [GND] of U6 on F.Cu
[solder_mask_bridge]: Front solder mask aperture bridges items with different nets
    Rule: board setup solder mask min width; error
    @(47.0983 mm, 70.2400 mm): Track [GND] on F.Cu, length 15.2400 mm
    @(48.4000 mm, 60.0800 mm): PTH pad 36 [I2C_SCL] of U1
[solder_mask_bridge]: Front solder mask aperture bridges items with different nets
    Rule: board setup solder mask min width; error
    @(53.6983 mm, 31.1525 mm): Track [GND] on F.Cu, length 15.4441 mm
    @(56.0000 mm, 38.8000 mm): Pad 1 [VIN_12V] of U5 on F.Cu
[solder_mask_bridge]: Front solder mask aperture bridges items with different nets
    Rule: board setup solder mask min width; error
    @(47.0983 mm, 70.2400 mm): Track [GND] on F.Cu, length 15.2400 mm
    @(48.4000 mm, 57.5400 mm): PTH pad 37 [<no net>] of U1
[solder_mask_bridge]: Front solder mask aperture bridges items with different nets
    Rule: board setup solder mask min width; error
    @(73.6983 mm, 59.9858 mm): Track [+5V] on F.Cu, length 29.2666 mm
    @(76.0000 mm, 63.8000 mm): Pad 4 [+4V_SIM] of U6 on F.Cu
[solder_mask_bridge]: Front solder mask aperture bridges items with different nets
    Rule: board setup solder mask min width; error
    @(58.3017 mm, 58.1966 mm): Track [VIN_12V] on F.Cu, length 13.7932 mm
    @(56.0000 mm, 52.2000 mm): Pad 2 [GND] of U6 on F.Cu
[solder_mask_bridge]: Front solder mask aperture bridges items with different nets
    Rule: board setup solder mask min width; error
    @(99.9078 mm, 66.7600 mm): Track [GND] on F.Cu, length 12.7000 mm
    @(101.0000 mm, 69.3000 mm): PTH pad 3 [I2C_SCL] of U2
[solder_mask_bridge]: Rear solder mask aperture bridges items with different nets
    Rule: board setup solder mask min width; error
    @(67.1923 mm, 99.0802 mm): Track [+5V] on B.Cu, length 41.2508 mm
    @(48.3963 mm, 98.1773 mm): PTH pad 21 [<no net>] of U1
[solder_mask_bridge]: Front solder mask aperture bridges items with different nets
    Rule: board setup solder mask min width; error
    @(123.5803 mm, 81.9697 mm): Track [+4V_SIM] on F.Cu, length 2.1481 mm
    @(124.4500 mm, 83.0000 mm): Pad 2 [GND] of C2 on F.Cu
[solder_mask_bridge]: Front solder mask aperture bridges items with different nets
    Rule: board setup solder mask min width; error
    @(99.9078 mm, 66.7600 mm): Track [GND] on F.Cu, length 12.7000 mm
    @(101.0000 mm, 71.8400 mm): PTH pad 4 [I2C_SDA] of U2
[solder_mask_bridge]: Front solder mask aperture bridges items with different nets
    Rule: board setup solder mask min width; error
    @(99.9078 mm, 66.7600 mm): Track [GND] on F.Cu, length 12.7000 mm
    @(101.0000 mm, 74.3800 mm): PTH pad 5 [<no net>] of U2
[solder_mask_bridge]: Front solder mask aperture bridges items with different nets
    Rule: board setup solder mask min width; error
    @(99.9078 mm, 66.7600 mm): Track [GND] on F.Cu, length 12.7000 mm
    @(101.0000 mm, 76.9200 mm): PTH pad 6 [<no net>] of U2
[solder_mask_bridge]: Front solder mask aperture bridges items with different nets
    Rule: board setup solder mask min width; error
    @(125.7284 mm, 81.9697 mm): Track [+4V_SIM] on F.Cu, length 1.4797 mm
    @(124.4500 mm, 83.0000 mm): Pad 2 [GND] of C2 on F.Cu
[solder_mask_bridge]: Front solder mask aperture bridges items with different nets
    Rule: board setup solder mask min width; error
    @(122.5500 mm, 83.0000 mm): Track [+4V_SIM] on F.Cu, length 1.4571 mm
    @(124.4500 mm, 83.0000 mm): Pad 2 [GND] of C2 on F.Cu
[lib_footprint_issues]: Footprint 'MountingHole_3.2mm' not found in library 'MountingHole'
    Local override; warning
    @(155.0000 mm, 25.0000 mm): Footprint MH2
[lib_footprint_issues]: Footprint 'MountingHole_3.2mm' not found in library 'MountingHole'
    Local override; warning
    @(155.0000 mm, 105.0000 mm): Footprint MH4
[lib_footprint_issues]: Footprint 'MountingHole_3.2mm' not found in library 'MountingHole'
    Local override; warning
    @(25.0000 mm, 25.0000 mm): Footprint MH1
[lib_footprint_issues]: Footprint 'MountingHole_3.2mm' not found in library 'MountingHole'
    Local override; warning
    @(58.0000 mm, 105.0000 mm): Footprint MH3
[text_height]: Text height out of range (board setup constraints silk text height min height 0.8000 mm; actual 0.7000 mm)
    Rule: board setup constraints silk text height; warning
    @(24.2700 mm, 60.0800 mm): Footprint text of U1 (VP/GPIO36)
[text_height]: Text height out of range (board setup constraints silk text height min height 0.8000 mm; actual 0.7000 mm)
    Rule: board setup constraints silk text height; warning
    @(24.2700 mm, 62.6200 mm): Footprint text of U1 (VN/GPIO39)
[text_height]: Text height out of range (board setup constraints silk text height min height 0.8000 mm; actual 0.7000 mm)
    Rule: board setup constraints silk text height; warning
    @(24.2700 mm, 65.1600 mm): Footprint text of U1 (GPIO34)
[text_height]: Text height out of range (board setup constraints silk text height min height 0.8000 mm; actual 0.7000 mm)
    Rule: board setup constraints silk text height; warning
    @(24.2700 mm, 67.7000 mm): Footprint text of U1 (GPIO35)
[text_height]: Text height out of range (board setup constraints silk text height min height 0.8000 mm; actual 0.7000 mm)
    Rule: board setup constraints silk text height; warning
    @(24.2700 mm, 70.2400 mm): Footprint text of U1 (GPIO32)
[text_height]: Text height out of range (board setup constraints silk text height min height 0.8000 mm; actual 0.7000 mm)
    Rule: board setup constraints silk text height; warning
    @(24.2700 mm, 72.7800 mm): Footprint text of U1 (GPIO33)
[text_height]: Text height out of range (board setup constraints silk text height min height 0.8000 mm; actual 0.7000 mm)
    Rule: board setup constraints silk text height; warning
    @(24.2700 mm, 75.3200 mm): Footprint text of U1 (GPIO25)
[text_height]: Text height out of range (board setup constraints silk text height min height 0.8000 mm; actual 0.7000 mm)
    Rule: board setup constraints silk text height; warning
    @(24.2700 mm, 77.8600 mm): Footprint text of U1 (GPIO26)
[text_height]: Text height out of range (board setup constraints silk text height min height 0.8000 mm; actual 0.7000 mm)
    Rule: board setup constraints silk text height; warning
    @(24.2700 mm, 80.4000 mm): Footprint text of U1 (GPIO27)
[text_height]: Text height out of range (board setup constraints silk text height min height 0.8000 mm; actual 0.7000 mm)
    Rule: board setup constraints silk text height; warning
    @(24.2700 mm, 82.9400 mm): Footprint text of U1 (GPIO14/MTMS)
[text_height]: Text height out of range (board setup constraints silk text height min height 0.8000 mm; actual 0.7000 mm)
    Rule: board setup constraints silk text height; warning
    @(24.2700 mm, 85.4800 mm): Footprint text of U1 (GPIO12/MTDI)
[text_height]: Text height out of range (board setup constraints silk text height min height 0.8000 mm; actual 0.7000 mm)
    Rule: board setup constraints silk text height; warning
    @(24.2700 mm, 90.5600 mm): Footprint text of U1 (GPIO13/MTCK)
[text_height]: Text height out of range (board setup constraints silk text height min height 0.8000 mm; actual 0.7000 mm)
    Rule: board setup constraints silk text height; warning
    @(24.2700 mm, 93.1000 mm): Footprint text of U1 (D2)
[text_height]: Text height out of range (board setup constraints silk text height min height 0.8000 mm; actual 0.7000 mm)
    Rule: board setup constraints silk text height; warning
    @(24.2700 mm, 95.6400 mm): Footprint text of U1 (D3)
[text_height]: Text height out of range (board setup constraints silk text height min height 0.8000 mm; actual 0.7000 mm)
    Rule: board setup constraints silk text height; warning
    @(24.2700 mm, 98.1800 mm): Footprint text of U1 (CMD)
[text_height]: Text height out of range (board setup constraints silk text height min height 0.8000 mm; actual 0.7000 mm)
    Rule: board setup constraints silk text height; warning
    @(47.1300 mm, 57.5400 mm): Footprint text of U1 (GPIO23)
[text_height]: Text height out of range (board setup constraints silk text height min height 0.8000 mm; actual 0.7000 mm)
    Rule: board setup constraints silk text height; warning
    @(47.1300 mm, 60.0800 mm): Footprint text of U1 (GPIO22)
[text_height]: Text height out of range (board setup constraints silk text height min height 0.8000 mm; actual 0.7000 mm)
    Rule: board setup constraints silk text height; warning
    @(47.1300 mm, 62.6200 mm): Footprint text of U1 (GPIO1/U0TXD)
[text_height]: Text height out of range (board setup constraints silk text height min height 0.8000 mm; actual 0.7000 mm)
    Rule: board setup constraints silk text height; warning
    @(47.1300 mm, 65.1600 mm): Footprint text of U1 (GPIO3/U0RXD)
[text_height]: Text height out of range (board setup constraints silk text height min height 0.8000 mm; actual 0.7000 mm)
    Rule: board setup constraints silk text height; warning
    @(47.1300 mm, 67.7000 mm): Footprint text of U1 (GPIO21)
[text_height]: Text height out of range (board setup constraints silk text height min height 0.8000 mm; actual 0.7000 mm)
    Rule: board setup constraints silk text height; warning
    @(47.1300 mm, 72.7800 mm): Footprint text of U1 (GPIO19)
[text_height]: Text height out of range (board setup constraints silk text height min height 0.8000 mm; actual 0.7000 mm)
    Rule: board setup constraints silk text height; warning
    @(47.1300 mm, 75.3200 mm): Footprint text of U1 (GPIO18)
[text_height]: Text height out of range (board setup constraints silk text height min height 0.8000 mm; actual 0.7000 mm)
    Rule: board setup constraints silk text height; warning
    @(47.1300 mm, 77.8600 mm): Footprint text of U1 (GPIO5)
[text_height]: Text height out of range (board setup constraints silk text height min height 0.8000 mm; actual 0.7000 mm)
    Rule: board setup constraints silk text height; warning
    @(47.1300 mm, 80.4000 mm): Footprint text of U1 (GPIO17)
[text_height]: Text height out of range (board setup constraints silk text height min height 0.8000 mm; actual 0.7000 mm)
    Rule: board setup constraints silk text height; warning
    @(47.1300 mm, 82.9400 mm): Footprint text of U1 (GPIO16)
[text_height]: Text height out of range (board setup constraints silk text height min height 0.8000 mm; actual 0.7000 mm)
    Rule: board setup constraints silk text height; warning
    @(47.1300 mm, 85.4800 mm): Footprint text of U1 (GPIO4)
[text_height]: Text height out of range (board setup constraints silk text height min height 0.8000 mm; actual 0.7000 mm)
    Rule: board setup constraints silk text height; warning
    @(47.1300 mm, 88.0200 mm): Footprint text of U1 (GPIO0)
[text_height]: Text height out of range (board setup constraints silk text height min height 0.8000 mm; actual 0.7000 mm)
    Rule: board setup constraints silk text height; warning
    @(47.1300 mm, 90.5600 mm): Footprint text of U1 (GPIO2)
[text_height]: Text height out of range (board setup constraints silk text height min height 0.8000 mm; actual 0.7000 mm)
    Rule: board setup constraints silk text height; warning
    @(47.1300 mm, 93.1000 mm): Footprint text of U1 (GPIO15/MTDO)
[text_height]: Text height out of range (board setup constraints silk text height min height 0.8000 mm; actual 0.7000 mm)
    Rule: board setup constraints silk text height; warning
    @(47.1300 mm, 95.6400 mm): Footprint text of U1 (D1)
[text_height]: Text height out of range (board setup constraints silk text height min height 0.8000 mm; actual 0.7000 mm)
    Rule: board setup constraints silk text height; warning
    @(47.1300 mm, 98.1800 mm): Footprint text of U1 (D0)
[text_height]: Text height out of range (board setup constraints silk text height min height 0.8000 mm; actual 0.7000 mm)
    Rule: board setup constraints silk text height; warning
    @(47.1300 mm, 100.7200 mm): Footprint text of U1 (CLK)
[text_height]: Text height out of range (board setup constraints silk text height min height 0.8000 mm; actual 0.7620 mm)
    Rule: board setup constraints silk text height; warning
    @(129.3500 mm, 81.0000 mm): Footprint text of U4 (ANT)
[text_height]: Text height out of range (board setup constraints silk text height min height 0.8000 mm; actual 0.7620 mm)
    Rule: board setup constraints silk text height; warning
    @(129.4500 mm, 83.5000 mm): Footprint text of U4 (VCC
)
[text_height]: Text height out of range (board setup constraints silk text height min height 0.8000 mm; actual 0.7620 mm)
    Rule: board setup constraints silk text height; warning
    @(129.4500 mm, 86.1000 mm): Footprint text of U4 (RST)
[text_height]: Text height out of range (board setup constraints silk text height min height 0.8000 mm; actual 0.7620 mm)
    Rule: board setup constraints silk text height; warning
    @(129.5000 mm, 88.5500 mm): Footprint text of U4 (RXD)
[text_height]: Text height out of range (board setup constraints silk text height min height 0.8000 mm; actual 0.7620 mm)
    Rule: board setup constraints silk text height; warning
    @(129.5000 mm, 91.0000 mm): Footprint text of U4 (TXD)
[text_height]: Text height out of range (board setup constraints silk text height min height 0.8000 mm; actual 0.7620 mm)
    Rule: board setup constraints silk text height; warning
    @(129.5500 mm, 93.7000 mm): Footprint text of U4 (GND)
[text_height]: Text height out of range (board setup constraints silk text height min height 0.8000 mm; actual 0.7620 mm)
    Rule: board setup constraints silk text height; warning
    @(146.8000 mm, 96.2000 mm): Footprint text of U4 (SPKN)
[text_height]: Text height out of range (board setup constraints silk text height min height 0.8000 mm; actual 0.7620 mm)
    Rule: board setup constraints silk text height; warning
    @(146.8500 mm, 91.1000 mm): Footprint text of U4 (MICN)
[text_height]: Text height out of range (board setup constraints silk text height min height 0.8000 mm; actual 0.7620 mm)
    Rule: board setup constraints silk text height; warning
    @(146.8500 mm, 93.6500 mm): Footprint text of U4 (SPKP)
[text_height]: Text height out of range (board setup constraints silk text height min height 0.8000 mm; actual 0.7620 mm)
    Rule: board setup constraints silk text height; warning
    @(146.9000 mm, 88.4500 mm): Footprint text of U4 (MICP)
[text_height]: Text height out of range (board setup constraints silk text height min height 0.8000 mm; actual 0.7620 mm)
    Rule: board setup constraints silk text height; warning
    @(147.0500 mm, 83.5500 mm): Footprint text of U4 (RI)
[text_height]: Text height out of range (board setup constraints silk text height min height 0.8000 mm; actual 0.7620 mm)
    Rule: board setup constraints silk text height; warning
    @(147.0500 mm, 85.9500 mm): Footprint text of U4 (DTR)
[silk_over_copper]: Silkscreen clipped by solder mask
    Local override; warning
    @(55.0000 mm, 49.8000 mm): Rectangle of U6 on F.Silkscreen
    @(56.0000 mm, 52.2000 mm): Pad 2 [GND] of U6 on F.Cu
[silk_over_copper]: Silkscreen clipped by solder mask
    Local override; warning
    @(55.0000 mm, 49.8000 mm): Rectangle of U6 on F.Silkscreen
    @(76.0000 mm, 52.2000 mm): Pad 3 [GND] of U6 on F.Cu
[silk_over_copper]: Silkscreen clipped by solder mask
    Local override; warning
    @(55.0000 mm, 49.8000 mm): Rectangle of U6 on F.Silkscreen
    @(76.0000 mm, 63.8000 mm): Pad 4 [+4V_SIM] of U6 on F.Cu
[silk_over_copper]: Silkscreen clipped by solder mask
    Local override; warning
    @(55.0000 mm, 49.8000 mm): Rectangle of U6 on F.Silkscreen
    @(56.0000 mm, 63.8000 mm): Pad 1 [VIN_12V] of U6 on F.Cu
[silk_over_copper]: Silkscreen clipped by solder mask
    Local override; warning
    @(55.0000 mm, 24.8000 mm): Rectangle of U5 on F.Silkscreen
    @(76.0000 mm, 27.2000 mm): Pad 3 [GND] of U5 on F.Cu
[silk_over_copper]: Silkscreen clipped by solder mask
    Local override; warning
    @(55.0000 mm, 24.8000 mm): Rectangle of U5 on F.Silkscreen
    @(76.0000 mm, 38.8000 mm): Pad 4 [+5V] of U5 on F.Cu
[silk_over_copper]: Silkscreen clipped by solder mask
    Local override; warning
    @(55.0000 mm, 24.8000 mm): Rectangle of U5 on F.Silkscreen
    @(56.0000 mm, 27.2000 mm): Pad 2 [GND] of U5 on F.Cu
[silk_over_copper]: Silkscreen clipped by solder mask
    Local override; warning
    @(55.0000 mm, 24.8000 mm): Rectangle of U5 on F.Silkscreen
    @(56.0000 mm, 38.8000 mm): Pad 1 [VIN_12V] of U5 on F.Cu
[silk_over_copper]: Silkscreen clipped by solder mask
    Local override; warning
    @(102.0000 mm, 33.0000 mm): Rectangle of U3 on F.Silkscreen
    @(155.0000 mm, 51.0800 mm): PTH pad 1 [+5V] of U3
[silk_over_copper]: Silkscreen clipped by solder mask
    Local override; warning
    @(102.0000 mm, 33.0000 mm): Rectangle of U3 on F.Silkscreen
    @(155.0000 mm, 48.5400 mm): PTH pad 2 [GND] of U3
[silk_over_copper]: Silkscreen clipped by solder mask
    Local override; warning
    @(102.0000 mm, 33.0000 mm): Rectangle of U3 on F.Silkscreen
    @(155.0000 mm, 46.0000 mm): PTH pad 3 [GPS_RX] of U3
[silk_over_copper]: Silkscreen clipped by solder mask
    Local override; warning
    @(102.0000 mm, 33.0000 mm): Rectangle of U3 on F.Silkscreen
    @(155.0000 mm, 43.4600 mm): PTH pad 4 [GPS_TX] of U3
[silk_over_copper]: Silkscreen clipped by solder mask
    Local override; warning
    @(102.0000 mm, 33.0000 mm): Rectangle of U3 on F.Silkscreen
    @(155.0000 mm, 40.9200 mm): PTH pad 5 [GPS_PPS] of U3

** Found 0 unconnected pads **

** Found 0 Footprint errors **

** Ignored checks **
    - Footprint has no courtyard defined
    - Track endpoint not centered on via
    - Tuning profile track geometries
    - Footprint doesn't match symbol's footprint filters
    - Footprint component type doesn't match footprint pads

** End of Report **
